../Core/Src/main.c:136:5:main	40	static,ignoring_inline_asm
../Core/Src/main.c:255:6:SystemClock_Config	96	static
../Core/Src/main.c:316:13:MX_ADC1_Init	32	static
../Core/Src/main.c:374:13:MX_TIM2_Init	40	static
../Core/Src/main.c:426:13:MX_USART2_UART_Init	8	static
../Core/Src/main.c:461:13:MX_GPIO_Init	40	static
../Core/Src/main.c:492:6:HAL_TIM_IC_CaptureCallback	16	static
../Core/Src/main.c:507:13:flow_update	48	static
../Core/Src/main.c:527:13:pressure_start_sequence	32	static
../Core/Src/main.c:541:14:adc_counts_to_volts	16	static
../Core/Src/main.c:546:14:sensor_volts_to_psi	24	static
../Core/Src/main.c:555:6:HAL_ADC_ConvCpltCallback	40	static
../Core/Src/main.c:583:13:uart_print	16	static
../Core/Src/main.c:589:13:print_combined_line	216	static
../Core/Src/main.c:625:6:Error_Handler	4	static,ignoring_inline_asm
