../Core/Src/main.c:112:5:main	64	static
../Core/Src/main.c:234:6:SystemClock_Config	96	static
../Core/Src/main.c:276:13:MX_I2C1_Init	8	static
../Core/Src/main.c:301:13:MX_USART2_UART_Init	8	static
../Core/Src/main.c:321:13:MX_GPIO_Init	40	static
../Core/Src/main.c:358:13:read_sensors	4	static
../Core/Src/main.c:362:13:handle_button	16	static
../Core/Src/main.c:376:13:draw_normal_view	64	static
../Core/Src/main.c:405:13:draw_alert	16	static
../Core/Src/main.c:417:13:enter_kill_state	16	static
../Core/Src/main.c:438:6:Error_Handler	4	static,ignoring_inline_asm
