../Core/Src/main.c:165:5:main	16	static
../Core/Src/main.c:267:6:SystemClock_Config	96	static
../Core/Src/main.c:389:13:MX_TIM2_Init	56	static
../Core/Src/main.c:505:13:MX_TIM6_Init	24	static
../Core/Src/main.c:581:13:MX_TIM7_Init	24	static
../Core/Src/main.c:657:13:MX_USART2_UART_Init	8	static
../Core/Src/main.c:727:13:MX_GPIO_Init	40	static
../Core/Src/main.c:783:6:HAL_TIM_IC_CaptureCallback	16	static
../Core/Src/main.c:791:6:flow_sensor	184	static
../Core/Src/main.c:856:6:Error_Handler	4	static,ignoring_inline_asm
