2026-09-08 16:14:46,372 [INFO] Activator:176 - 


2026-09-08 16:14:46,382 [INFO] Activator:177 - !SESSION log4j initialized
2026-09-08 16:14:54,474 [INFO] LogOutputStream:77 - [STDOUT_REDIRECT] 
2026-09-08 16:14:56,583 [INFO] ApplicationProperties:184 - Using Application install path: C:\ST\STM32CubeIDE_1.19.0\STM32CubeIDE\plugins\com.st.stm32cube.common.mx_6.15.0.202507011659
2026-09-08 16:14:56,651 [INFO] DbMcusXml:78 - Set database path to: C:\ST\STM32CubeIDE_1.19.0\STM32CubeIDE\plugins\com.st.stm32cube.common.mx_6.15.0.202507011659\\db\/mcu/
2026-09-08 16:14:56,651 [INFO] ApiDb:274 - Set plugin database path to: C:\ST\STM32CubeIDE_1.19.0\STM32CubeIDE\plugins\com.st.stm32cube.common.mx_6.15.0.202507011659\\db\/plugins/boardmanager/
2026-09-08 16:14:56,652 [WARN] ApiDb:259 - Overriding images path with different value:  => C:\ST\STM32CubeIDE_1.19.0\STM32CubeIDE\plugins\com.st.stm32cube.common.mx_6.15.0.202507011659\\db\/plugins/mcufinder/images/
2026-09-08 16:14:56,682 [INFO] ApiDb:250 - Set database path to: C:\Users\azaki\.stmcufinder\plugins\mcufinder//mcu/
2026-09-08 16:14:56,688 [INFO] DbMcusAds:125 - Set database path to: C:\Users\azaki\.stmcufinder\plugins\mcufinder//mcu/
2026-09-08 16:14:56,702 [INFO] CrossReferenceDbSqlite:203 - Set database path to: C:\Users\azaki\.stmcufinder\plugins\mcufinder//mcu/cs/
2026-09-08 16:14:57,298 [INFO] RulesReader:64 - Compatibility file has been processed (317 Rules)
2026-09-08 16:14:57,594 [INFO] DbMcusXml:78 - Set database path to: C:\ST\STM32CubeIDE_1.19.0\STM32CubeIDE\plugins\com.st.stm32cube.common.mx_6.15.0.202507011659\\db\/mcu/
2026-09-08 16:14:57,594 [INFO] ApiDb:274 - Set plugin database path to: C:\ST\STM32CubeIDE_1.19.0\STM32CubeIDE\plugins\com.st.stm32cube.common.mx_6.15.0.202507011659\\db\/plugins/boardmanager/
2026-09-08 16:14:57,594 [INFO] ApiDb:261 - Set plugin images path to: C:\ST\STM32CubeIDE_1.19.0\STM32CubeIDE\plugins\com.st.stm32cube.common.mx_6.15.0.202507011659\\db\/plugins/mcufinder/images/
2026-09-08 16:14:57,595 [WARN] DbFile:41 - Overriding database path with different value: C:\Users\azaki\.stmcufinder\plugins\mcufinder/ => C:\Users\azaki\.stmcufinder\plugins\mcufinder
2026-09-08 16:14:57,595 [INFO] ApiDb:250 - Set database path to: C:\Users\azaki\.stmcufinder\plugins\mcufinder//mcu/
2026-09-08 16:14:57,595 [WARN] DbFile:41 - Overriding database path with different value: C:\Users\azaki\.stmcufinder\plugins\mcufinder/ => C:\Users\azaki\.stmcufinder\plugins\mcufinder
2026-09-08 16:14:57,595 [INFO] DbMcusAds:125 - Set database path to: C:\Users\azaki\.stmcufinder\plugins\mcufinder//mcu/
2026-09-08 16:14:57,596 [WARN] DbFile:41 - Overriding database path with different value: C:\Users\azaki\.stmcufinder\plugins\mcufinder/ => C:\Users\azaki\.stmcufinder\plugins\mcufinder
2026-09-08 16:14:57,596 [WARN] DbFile:41 - Overriding database path with different value: C:\Users\azaki\.stmcufinder\plugins\mcufinder/ => C:\Users\azaki\.stmcufinder\plugins\mcufinder
2026-09-08 16:14:57,596 [INFO] CrossReferenceDbSqlite:203 - Set database path to: C:\Users\azaki\.stmcufinder\plugins\mcufinder//mcu/cs/
2026-09-08 16:14:57,730 [INFO] MainPanel:274 - HeapMemory: 268435456
2026-09-08 16:14:58,066 [INFO] DbMcusXml:78 - Set database path to: C:\ST\STM32CubeIDE_1.19.0\STM32CubeIDE\plugins\com.st.stm32cube.common.mx_6.15.0.202507011659\\db\/mcu/
2026-09-08 16:14:58,067 [INFO] ApiDb:274 - Set plugin database path to: C:\ST\STM32CubeIDE_1.19.0\STM32CubeIDE\plugins\com.st.stm32cube.common.mx_6.15.0.202507011659\\db\/plugins/boardmanager/
2026-09-08 16:14:58,067 [INFO] ApiDb:261 - Set plugin images path to: C:\ST\STM32CubeIDE_1.19.0\STM32CubeIDE\plugins\com.st.stm32cube.common.mx_6.15.0.202507011659\\db\/plugins/mcufinder/images/
2026-09-08 16:14:58,069 [WARN] DbFile:41 - Overriding database path with different value: C:\Users\azaki\.stmcufinder\plugins\mcufinder/ => C:\Users\azaki\.stmcufinder\plugins\mcufinder
2026-09-08 16:14:58,069 [INFO] ApiDb:250 - Set database path to: C:\Users\azaki\.stmcufinder\plugins\mcufinder//mcu/
2026-09-08 16:14:58,069 [WARN] DbFile:41 - Overriding database path with different value: C:\Users\azaki\.stmcufinder\plugins\mcufinder/ => C:\Users\azaki\.stmcufinder\plugins\mcufinder
2026-09-08 16:14:58,070 [INFO] DbMcusAds:125 - Set database path to: C:\Users\azaki\.stmcufinder\plugins\mcufinder//mcu/
2026-09-08 16:14:58,070 [WARN] DbFile:41 - Overriding database path with different value: C:\Users\azaki\.stmcufinder\plugins\mcufinder/ => C:\Users\azaki\.stmcufinder\plugins\mcufinder
2026-09-08 16:14:58,070 [WARN] DbFile:41 - Overriding database path with different value: C:\Users\azaki\.stmcufinder\plugins\mcufinder/ => C:\Users\azaki\.stmcufinder\plugins\mcufinder
2026-09-08 16:14:58,070 [INFO] CrossReferenceDbSqlite:203 - Set database path to: C:\Users\azaki\.stmcufinder\plugins\mcufinder//mcu/cs/
2026-09-08 16:14:58,130 [INFO] ApplicationProperties:184 - Using Application install path: C:\ST\STM32CubeIDE_1.19.0\STM32CubeIDE\plugins\com.st.stm32cube.common.mx_6.15.0.202507011659
2026-09-08 16:14:58,136 [INFO] PluginManage:196 - Search for loadable plugins [exclusion list=, ]
2026-09-08 16:14:58,144 [INFO] PluginManage:310 - Check plugin analytics
2026-09-08 16:14:58,681 [INFO] AnalyticsPlugin:253 - Accepted Software Licenses: 
2026-09-08 16:14:58,682 [INFO] AnalyticsPlugin:255 - Accepted CMSIS Pack Licenses: 
2026-09-08 16:14:58,682 [INFO] AnalyticsPlugin:257 - Accepted Firmware Licenses: FW.L4.1.18.0
2026-09-08 16:14:58,686 [INFO] PluginManage:359 - Loaded plugin analytics (category:tool,tabindex:-1)
2026-09-08 16:14:58,687 [INFO] PluginManage:310 - Check plugin cadmodel
2026-09-08 16:14:58,696 [INFO] CADModel:105 - Init CAD model plugin
2026-09-08 16:14:58,698 [INFO] PluginManage:359 - Loaded plugin cadmodel (category:power,tabindex:5)
2026-09-08 16:14:58,698 [INFO] PluginManage:310 - Check plugin clock
2026-09-08 16:14:58,716 [INFO] PluginManage:359 - Loaded plugin clock (category:base,tabindex:2)
2026-09-08 16:14:58,717 [INFO] PluginManage:310 - Check plugin ddr
2026-09-08 16:14:58,721 [INFO] PluginManage:359 - Loaded plugin ddr (category:tool,tabindex:6)
2026-09-08 16:14:58,722 [INFO] PluginManage:310 - Check plugin filemanager
2026-09-08 16:14:59,037 [INFO] PluginManage:359 - Loaded plugin filemanager (category:base,tabindex:10)
2026-09-08 16:14:59,038 [INFO] PluginManage:310 - Check plugin ipmanager
2026-09-08 16:14:59,052 [INFO] PluginManage:359 - Loaded plugin ipmanager (category:base,tabindex:5)
2026-09-08 16:14:59,053 [INFO] PluginManage:310 - Check plugin lpbam
2026-09-08 16:14:59,071 [INFO] PluginManage:359 - Loaded plugin lpbam (category:base,tabindex:0)
2026-09-08 16:14:59,072 [INFO] PluginManage:310 - Check plugin memorymap
2026-09-08 16:14:59,100 [INFO] PluginManage:359 - Loaded plugin memorymap (category:base,tabindex:4)
2026-09-08 16:14:59,101 [INFO] PluginManage:310 - Check plugin pinoutandconfiguration
2026-09-08 16:14:59,121 [INFO] PluginManage:359 - Loaded plugin pinoutandconfiguration (category:base,tabindex:1)
2026-09-08 16:14:59,121 [INFO] PluginManage:310 - Check plugin pinoutconfig
2026-09-08 16:14:59,300 [WARN] SupportedApi:132 - Cannot load RTOS API schema: s4s-elt-must-match.1: The content of 'definitions' must match (annotation?, (simpleType | complexType)?, (unique | key | keyref)*)). A problem was found starting at: attribute.
2026-09-08 16:14:59,569 [INFO] PluginManage:359 - Loaded plugin pinoutconfig (category:base,tabindex:0)
2026-09-08 16:14:59,570 [INFO] PluginManage:310 - Check plugin power
2026-09-08 16:14:59,588 [INFO] PluginManage:359 - Loaded plugin power (category:power,tabindex:4)
2026-09-08 16:14:59,588 [INFO] PluginManage:310 - Check plugin projectmanager
2026-09-08 16:14:59,620 [INFO] PluginManage:359 - Loaded plugin projectmanager (category:projectmanager,tabindex:4)
2026-09-08 16:14:59,621 [INFO] PluginManage:310 - Check plugin rif
2026-09-08 16:14:59,651 [INFO] PluginManage:359 - Loaded plugin rif (category:base,tabindex:3)
2026-09-08 16:14:59,651 [INFO] PluginManage:310 - Check plugin thirdparty
2026-09-08 16:14:59,964 [WARN] IntegrityCheckThread:84 - waiting for thirdparty lock release [integrity check]
2026-09-08 16:14:59,965 [INFO] PluginManage:359 - Loaded plugin thirdparty (category:base,tabindex:-1)
2026-09-08 16:14:59,965 [INFO] IntegrityCheckThread:86 - entering critical section [integrity check]
2026-09-08 16:14:59,966 [INFO] PluginManage:310 - Check plugin tools
2026-09-08 16:14:59,966 [INFO] ThirdPartyUpdaterWithRetryManager:70 - Updater plugin not ready yet. [1/15]
2026-09-08 16:14:59,975 [INFO] PluginManage:359 - Loaded plugin tools (category:base,tabindex:7)
2026-09-08 16:14:59,976 [INFO] PluginManage:310 - Check plugin tutovideos
2026-09-08 16:15:00,456 [INFO] PluginManage:359 - Loaded plugin tutovideos (category:base,tabindex:-1)
2026-09-08 16:15:00,457 [INFO] PluginManage:310 - Check plugin updater
2026-09-08 16:15:00,496 [INFO] PluginManage:359 - Loaded plugin updater (category:base,tabindex:12)
2026-09-08 16:15:00,496 [INFO] PluginManage:310 - Check plugin userauth
2026-09-08 16:15:00,506 [INFO] UserAuth:118 - Init User Auth plugin
2026-09-08 16:15:00,509 [INFO] PluginManage:359 - Loaded plugin userauth (category:base,tabindex:14)
2026-09-08 16:15:00,510 [INFO] PluginManage:283 - PluginManage : Loaded plugins [18]
2026-09-08 16:15:00,976 [INFO] PinOutPanel:1589 - setPackage(No Configuration,No Configuration)
2026-09-08 16:15:01,149 [INFO] CADModel:165 - CPN selected for project level
2026-09-08 16:15:01,151 [INFO] CADModel:114 - Register for checkConnection events
2026-09-08 16:15:01,188 [INFO] IPUIPlugin:80 - create IPUIPlugin
2026-09-08 16:15:01,189 [INFO] PluginManager:220 - loadIPPluginJar : add adc
2026-09-08 16:15:01,195 [INFO] IPUIPlugin:80 - create IPUIPlugin
2026-09-08 16:15:01,196 [INFO] PluginManager:220 - loadIPPluginJar : add aes
2026-09-08 16:15:01,202 [INFO] IPUIPlugin:80 - create IPUIPlugin
2026-09-08 16:15:01,203 [INFO] PluginManager:220 - loadIPPluginJar : add can
2026-09-08 16:15:01,208 [INFO] IPUIPlugin:80 - create IPUIPlugin
2026-09-08 16:15:01,208 [INFO] PluginManager:220 - loadIPPluginJar : add comp
2026-09-08 16:15:01,212 [INFO] IPUIPlugin:80 - create IPUIPlugin
2026-09-08 16:15:01,213 [INFO] PluginManager:220 - loadIPPluginJar : add cryp
2026-09-08 16:15:01,219 [INFO] IPUIPlugin:80 - create IPUIPlugin
2026-09-08 16:15:01,219 [INFO] PluginManager:220 - loadIPPluginJar : add ddr_ctrl_phy
2026-09-08 16:15:01,225 [INFO] IPUIPlugin:80 - create IPUIPlugin
2026-09-08 16:15:01,225 [INFO] PluginManager:220 - loadIPPluginJar : add dfsdm
2026-09-08 16:15:01,236 [INFO] IPUIPlugin:80 - create IPUIPlugin
2026-09-08 16:15:01,237 [INFO] PluginManager:220 - loadIPPluginJar : add dma
2026-09-08 16:15:01,242 [INFO] IPUIPlugin:80 - create IPUIPlugin
2026-09-08 16:15:01,242 [INFO] PluginManager:220 - loadIPPluginJar : add dma3
2026-09-08 16:15:01,249 [INFO] IPUIPlugin:80 - create IPUIPlugin
2026-09-08 16:15:01,249 [INFO] PluginManager:220 - loadIPPluginJar : add extmemmanager
2026-09-08 16:15:01,253 [INFO] IPUIPlugin:80 - create IPUIPlugin
2026-09-08 16:15:01,253 [INFO] PluginManager:220 - loadIPPluginJar : add fatfs
2026-09-08 16:15:01,261 [INFO] IPUIPlugin:80 - create IPUIPlugin
2026-09-08 16:15:01,261 [INFO] PluginManager:220 - loadIPPluginJar : add fmc
2026-09-08 16:15:01,274 [INFO] IPUIPlugin:80 - create IPUIPlugin
2026-09-08 16:15:01,274 [INFO] PluginManager:220 - loadIPPluginJar : add freertos
2026-09-08 16:15:01,277 [INFO] IPUIPlugin:80 - create IPUIPlugin
2026-09-08 16:15:01,277 [INFO] PluginManager:220 - loadIPPluginJar : add genericplugin
2026-09-08 16:15:01,283 [INFO] IPUIPlugin:80 - create IPUIPlugin
2026-09-08 16:15:01,283 [INFO] PluginManager:220 - loadIPPluginJar : add gfxmmu
2026-09-08 16:15:01,292 [INFO] IPUIPlugin:80 - create IPUIPlugin
2026-09-08 16:15:01,293 [INFO] PluginManager:220 - loadIPPluginJar : add gic
2026-09-08 16:15:01,301 [INFO] IPUIPlugin:80 - create IPUIPlugin
2026-09-08 16:15:01,301 [INFO] PluginManager:220 - loadIPPluginJar : add gpio
2026-09-08 16:15:01,307 [INFO] IPUIPlugin:80 - create IPUIPlugin
2026-09-08 16:15:01,307 [INFO] PluginManager:220 - loadIPPluginJar : add gtzc
2026-09-08 16:15:01,311 [INFO] IPUIPlugin:80 - create IPUIPlugin
2026-09-08 16:15:01,312 [INFO] PluginManager:220 - loadIPPluginJar : add hash
2026-09-08 16:15:01,316 [INFO] IPUIPlugin:80 - create IPUIPlugin
2026-09-08 16:15:01,316 [INFO] PluginManager:220 - loadIPPluginJar : add i2c
2026-09-08 16:15:01,319 [INFO] IPUIPlugin:80 - create IPUIPlugin
2026-09-08 16:15:01,320 [INFO] PluginManager:220 - loadIPPluginJar : add i2s
2026-09-08 16:15:01,324 [INFO] IPUIPlugin:80 - create IPUIPlugin
2026-09-08 16:15:01,325 [INFO] PluginManager:220 - loadIPPluginJar : add i3c
2026-09-08 16:15:01,329 [INFO] IPUIPlugin:80 - create IPUIPlugin
2026-09-08 16:15:01,329 [INFO] PluginManager:220 - loadIPPluginJar : add ipddr
2026-09-08 16:15:01,338 [INFO] IPUIPlugin:80 - create IPUIPlugin
2026-09-08 16:15:01,340 [INFO] PluginManager:220 - loadIPPluginJar : add linkedlist
2026-09-08 16:15:01,345 [INFO] IPUIPlugin:80 - create IPUIPlugin
2026-09-08 16:15:01,345 [INFO] PluginManager:220 - loadIPPluginJar : add lorawan
2026-09-08 16:15:01,347 [INFO] IPUIPlugin:80 - create IPUIPlugin
2026-09-08 16:15:01,347 [INFO] PluginManager:220 - loadIPPluginJar : add ltdc
2026-09-08 16:15:01,354 [INFO] IPUIPlugin:80 - create IPUIPlugin
2026-09-08 16:15:01,354 [INFO] PluginManager:220 - loadIPPluginJar : add mdma
2026-09-08 16:15:01,360 [INFO] IPUIPlugin:80 - create IPUIPlugin
2026-09-08 16:15:01,360 [INFO] PluginManager:220 - loadIPPluginJar : add nvic
2026-09-08 16:15:01,365 [INFO] IPUIPlugin:80 - create IPUIPlugin
2026-09-08 16:15:01,365 [INFO] PluginManager:220 - loadIPPluginJar : add opamp
2026-09-08 16:15:01,368 [INFO] IPUIPlugin:80 - create IPUIPlugin
2026-09-08 16:15:01,369 [INFO] PluginManager:220 - loadIPPluginJar : add openamp
2026-09-08 16:15:01,373 [INFO] IPUIPlugin:80 - create IPUIPlugin
2026-09-08 16:15:01,373 [INFO] PluginManager:220 - loadIPPluginJar : add pdm2pcm
2026-09-08 16:15:01,381 [INFO] IPUIPlugin:80 - create IPUIPlugin
2026-09-08 16:15:01,384 [INFO] PluginManager:220 - loadIPPluginJar : add plateformsettings
2026-09-08 16:15:01,387 [INFO] IPUIPlugin:80 - create IPUIPlugin
2026-09-08 16:15:01,387 [INFO] PluginManager:220 - loadIPPluginJar : add quadspi
2026-09-08 16:15:01,390 [INFO] IPUIPlugin:80 - create IPUIPlugin
2026-09-08 16:15:01,391 [INFO] PluginManager:220 - loadIPPluginJar : add radio
2026-09-08 16:15:01,395 [INFO] IPUIPlugin:80 - create IPUIPlugin
2026-09-08 16:15:01,397 [INFO] PluginManager:220 - loadIPPluginJar : add resmgrutility
2026-09-08 16:15:01,401 [INFO] IPUIPlugin:80 - create IPUIPlugin
2026-09-08 16:15:01,401 [INFO] PluginManager:220 - loadIPPluginJar : add sai
2026-09-08 16:15:01,406 [INFO] IPUIPlugin:80 - create IPUIPlugin
2026-09-08 16:15:01,406 [INFO] PluginManager:220 - loadIPPluginJar : add spi
2026-09-08 16:15:01,413 [INFO] IPUIPlugin:80 - create IPUIPlugin
2026-09-08 16:15:01,413 [INFO] PluginManager:220 - loadIPPluginJar : add stm32_wpan
2026-09-08 16:15:01,416 [INFO] IPUIPlugin:80 - create IPUIPlugin
2026-09-08 16:15:01,416 [INFO] PluginManager:220 - loadIPPluginJar : add tim
2026-09-08 16:15:01,420 [INFO] IPUIPlugin:80 - create IPUIPlugin
2026-09-08 16:15:01,420 [INFO] PluginManager:220 - loadIPPluginJar : add touchsensing
2026-09-08 16:15:01,424 [INFO] IPUIPlugin:80 - create IPUIPlugin
2026-09-08 16:15:01,424 [INFO] PluginManager:220 - loadIPPluginJar : add tracer_emb
2026-09-08 16:15:01,427 [INFO] IPUIPlugin:80 - create IPUIPlugin
2026-09-08 16:15:01,427 [INFO] PluginManager:220 - loadIPPluginJar : add ts
2026-09-08 16:15:01,429 [INFO] IPUIPlugin:80 - create IPUIPlugin
2026-09-08 16:15:01,429 [INFO] PluginManager:220 - loadIPPluginJar : add tsc
2026-09-08 16:15:01,432 [INFO] IPUIPlugin:80 - create IPUIPlugin
2026-09-08 16:15:01,432 [INFO] PluginManager:220 - loadIPPluginJar : add ucpd
2026-09-08 16:15:01,437 [INFO] IPUIPlugin:80 - create IPUIPlugin
2026-09-08 16:15:01,438 [INFO] PluginManager:220 - loadIPPluginJar : add usart
2026-09-08 16:15:01,444 [INFO] IPUIPlugin:80 - create IPUIPlugin
2026-09-08 16:15:01,444 [INFO] PluginManager:220 - loadIPPluginJar : add usbx
2026-09-08 16:15:01,612 [FATAL] Updater:351 - Updater called before beeing initialized
2026-09-08 16:15:01,664 [INFO] RulesReader:64 - Compatibility file has been processed (317 Rules)
2026-09-08 16:15:01,681 [INFO] RulesReader:64 - Compatibility file has been processed (317 Rules)
2026-09-08 16:15:01,696 [INFO] CADModel:165 - CPN selected for project level
2026-09-08 16:15:01,697 [INFO] CADModel:114 - Register for checkConnection events
2026-09-08 16:15:01,697 [FATAL] Updater:351 - Updater called before beeing initialized
2026-09-08 16:15:01,697 [ERROR] CADModel:125 - Updater not yet initialized, retry later 
2026-09-08 16:15:01,943 [FATAL] Updater:351 - Updater called before beeing initialized
2026-09-08 16:15:01,945 [INFO] CADModel:165 - CPN selected for project level
2026-09-08 16:15:01,945 [INFO] CADModel:114 - Register for checkConnection events
2026-09-08 16:15:01,945 [FATAL] Updater:351 - Updater called before beeing initialized
2026-09-08 16:15:01,945 [ERROR] CADModel:125 - Updater not yet initialized, retry later 
2026-09-08 16:15:01,951 [FATAL] Updater:351 - Updater called before beeing initialized
2026-09-08 16:15:02,101 [FATAL] Updater:351 - Updater called before beeing initialized
2026-09-08 16:15:02,107 [INFO] DbMcusAds:53 - JSON generation date=Fri May 29 02:08:17 AEST 2026 (1779984497073)
2026-09-08 16:15:02,107 [FATAL] Updater:351 - Updater called before beeing initialized
2026-09-08 16:15:02,167 [WARN] DetailPanel:346 - Failed to get advertising image, set to default
2026-09-08 16:15:02,284 [FATAL] Updater:351 - Updater called before beeing initialized
2026-09-08 16:15:02,287 [FATAL] Updater:351 - Updater called before beeing initialized
2026-09-08 16:15:02,288 [FATAL] Updater:351 - Updater called before beeing initialized
2026-09-08 16:15:02,288 [WARN] DetailPanel:346 - Failed to get advertising image, set to default
2026-09-08 16:15:02,289 [FATAL] Updater:351 - Updater called before beeing initialized
2026-09-08 16:15:02,363 [ERROR] Updater:1198 - MainUpdater not yet initialized. External WinMGr cannot be set.
2026-09-08 16:15:02,366 [INFO] Updater:1134 - Updater Version found : 6.15.0
2026-09-08 16:15:02,394 [INFO] ApplicationProperties:184 - Using Application install path: C:\ST\STM32CubeIDE_1.19.0\STM32CubeIDE\plugins\com.st.stm32cube.common.mx_6.15.0.202507011659
2026-09-08 16:15:02,967 [INFO] ThirdPartyUpdaterWithRetryManager:70 - Updater plugin not ready yet. [2/15]
2026-09-08 16:15:03,993 [ERROR] LogOutputStream:75 - [STDERR_REDIRECT] Sep 08, 2026 4:15:03 PM java.util.prefs.WindowsPreferences <init>
2026-09-08 16:15:03,998 [ERROR] LogOutputStream:75 - [STDERR_REDIRECT] WARNING: Could not open/create prefs root node Software\JavaSoft\Prefs at root 0xffffffff80000002. Windows RegCreateKeyEx(...) returned error code 5.
2026-09-08 16:15:03,999 [ERROR] LogOutputStream:75 - [STDERR_REDIRECT] 
2026-09-08 16:15:04,581 [INFO] MainUpdater:2872 - connection check result : 10
2026-09-08 16:15:04,582 [INFO] MainUpdater:3604 - Updater definition file requires update
2026-09-08 16:15:04,584 [INFO] MainUpdater:289 - Updater Check For Update Now.
2026-09-08 16:15:04,584 [INFO] MicroXplorer:498 - Change Database Version : DB.6.0.150
2026-09-08 16:15:04,597 [INFO] McuFinderGlobals:63 - Set McuFinder mode to 2 (CubeIDE integrated)
2026-09-08 16:15:04,599 [INFO] UserAuth:487 - Internet connection configuration mode: 1
2026-09-08 16:15:04,628 [INFO] ServerAccessManage:452 - Complete download http(s) 200
2026-09-08 16:15:04,630 [INFO] ServerAccessManage:509 - Download File updaters.zip
2026-09-08 16:15:04,660 [INFO] JxBrowserEngine:152 - Initiate JxBrowser Engine with user profile folder
2026-09-08 16:15:04,738 [INFO] FileExtend:248 - Unzip File : updaters.zip
2026-09-08 16:15:04,739 [INFO] FileExtend:263 - Standard Zip Deflate
2026-09-08 16:15:05,385 [INFO] ServerAccessManage:452 - Complete download http(s) 200
2026-09-08 16:15:05,386 [INFO] ServerAccessManage:509 - Download File PacksControlFlags.xml
2026-09-08 16:15:05,475 [INFO] ServerAccessManage:452 - Complete download http(s) 200
2026-09-08 16:15:05,476 [INFO] ServerAccessManage:509 - Download File cubemx.pidx
2026-09-08 16:15:05,634 [INFO] LoadServerUpdatesThread:375 - End of LoadServerUpdate Thread
2026-09-08 16:15:05,852 [INFO] CheckServerUpdateThread:120 - End of CheckServer Thread
2026-09-08 16:15:06,770 [WARN] PackLoader:240 - Cannot read IP mode file for STMicroelectronics.X-CUBE-AZRTOS-H7.3.5.0
2026-09-08 16:15:06,788 [WARN] PackLoader:240 - Cannot read IP mode file for STMicroelectronics.FP-SNS-MOTENVWB1.1.4.0
2026-09-08 16:15:06,801 [WARN] PackLoader:240 - Cannot read IP mode file for STMicroelectronics.FP-ATR-ASTRA1.2.0.3
2026-09-08 16:15:06,806 [WARN] PackLoader:240 - Cannot read IP mode file for STMicroelectronics.FP-ATR-ASTRA1.2.0.2
2026-09-08 16:15:06,832 [ERROR] Engine:466 - C:\Users\azaki\.stm32cubemx\thirdparties\pdsc\STMicroelectronics.X-CUBE-SMBUS.2.1.1.pdsc: PDSC version is not supported
2026-09-08 16:15:06,839 [WARN] PackLoader:240 - Cannot read IP mode file for STMicroelectronics.X-CUBE-SMBUS.2.1.0
2026-09-08 16:15:06,856 [WARN] PackLoader:240 - Cannot read IP mode file for STMicroelectronics.X-CUBE-WB05N.1.1.0
2026-09-08 16:15:06,898 [WARN] PackLoader:240 - Cannot read IP mode file for STMicroelectronics.X-CUBE-AZRTOS-F7.1.1.0
2026-09-08 16:15:06,917 [WARN] PackLoader:240 - Cannot read IP mode file for STMicroelectronics.X-CUBE-FREERTOS.1.6.0
2026-09-08 16:15:06,927 [WARN] PackLoader:240 - Cannot read IP mode file for STMicroelectronics.FP-SNS-MOTENV1.5.1.0
2026-09-08 16:15:06,964 [WARN] PackLoader:240 - Cannot read IP mode file for STMicroelectronics.X-CUBE-AZRTOS-H7RS.1.3.0
2026-09-08 16:15:07,003 [WARN] PackLoader:240 - Cannot read IP mode file for Infineon.AIROC-Wi-Fi-Bluetooth-STM32.1.7.0
2026-09-08 16:15:07,020 [WARN] PackLoader:240 - Cannot read IP mode file for STMicroelectronics.X-CUBE-DISPLAY.3.0.0
2026-09-08 16:15:07,036 [WARN] PackLoader:240 - Cannot read IP mode file for STMicroelectronics.X-CUBE-GNSS1.7.1.1
2026-09-08 16:15:07,043 [WARN] PackLoader:240 - Cannot read IP mode file for STMicroelectronics.FP-SNS-MOTENVWB1.1.5.0
2026-09-08 16:15:07,052 [WARN] PackLoader:240 - Cannot read IP mode file for STMicroelectronics.X-CUBE-NFC10.1.0.0
2026-09-08 16:15:07,065 [WARN] PackLoader:240 - Cannot read IP mode file for STMicroelectronics.X-CUBE-BLEMGR.4.0.0
2026-09-08 16:15:07,075 [WARN] PackLoader:240 - Cannot read IP mode file for STMicroelectronics.X-CUBE-ST60.1.1.0
2026-09-08 16:15:07,083 [WARN] PackLoader:240 - Cannot read IP mode file for emotas.I-CUBE-CANOPEN.1.3.0
2026-09-08 16:15:07,086 [ERROR] Engine:466 - C:\Users\azaki\.stm32cubemx\thirdparties\pdsc\STMicroelectronics.X-CUBE-WBA.1.1.0.pdsc: PDSC version is not supported
2026-09-08 16:15:07,092 [WARN] PackLoader:240 - Cannot read IP mode file for STMicroelectronics.X-CUBE-GNSS1.7.1.0
2026-09-08 16:15:07,099 [WARN] ConditionMgr:438 - getConditionDescription Invalid condition id : Cortex-A Device cause : null
2026-09-08 16:15:07,130 [WARN] ConditionMgr:1044 - genDependencies : Invalid condition id : Cortex-A Device cause : null
2026-09-08 16:15:07,130 [WARN] ConditionMgr:1044 - genDependencies : Invalid condition id : Cortex-A Device cause : null
2026-09-08 16:15:07,131 [WARN] ConditionMgr:1044 - genDependencies : Invalid condition id : Cortex-A Device cause : null
2026-09-08 16:15:07,138 [WARN] PackLoader:240 - Cannot read IP mode file for STMicroelectronics.X-CUBE-AI.10.0.0
2026-09-08 16:15:07,151 [WARN] PackLoader:240 - Cannot read IP mode file for STMicroelectronics.FP-SNS-STBOX1.2.1.0
2026-09-08 16:15:07,161 [WARN] PackLoader:240 - Cannot read IP mode file for STMicroelectronics.FP-SNS-SMARTAG2.1.2.0
2026-09-08 16:15:07,171 [WARN] PackLoader:240 - Cannot read IP mode file for STMicroelectronics.FP-SNS-FLIGHT1.5.1.0
2026-09-08 16:15:07,227 [WARN] PackLoader:240 - Cannot read IP mode file for STMicroelectronics.X-CUBE-MEMS1.11.1.0
2026-09-08 16:15:07,385 [INFO] LogOutputStream:77 - [STDOUT_REDIRECT] 1 : Invalid condition id : UX_CORESTACK_Condition cause : null
2026-09-08 16:15:07,387 [INFO] LogOutputStream:77 - [STDOUT_REDIRECT] 1 : Invalid condition id : UX_CORESTACK_Condition cause : null
2026-09-08 16:15:07,390 [INFO] LogOutputStream:77 - [STDOUT_REDIRECT] 1 : Invalid condition id : UX_CORESTACK_Condition cause : null
2026-09-08 16:15:07,392 [INFO] LogOutputStream:77 - [STDOUT_REDIRECT] 1 : Invalid condition id : UX_CORESTACK_Condition cause : null
2026-09-08 16:15:07,395 [INFO] LogOutputStream:77 - [STDOUT_REDIRECT] 1 : Invalid condition id : UX_CORESTACK_Condition cause : null
2026-09-08 16:15:07,400 [WARN] PackLoader:240 - Cannot read IP mode file for STMicroelectronics.X-CUBE-AZRTOS-WL.2.0.0
2026-09-08 16:15:07,408 [WARN] PackLoader:240 - Cannot read IP mode file for STMicroelectronics.FP-SNS-MOTENV1.5.0.0
2026-09-08 16:15:07,457 [WARN] PackLoader:240 - Cannot read IP mode file for STMicroelectronics.X-CUBE-AZRTOS-H7RS.1.2.0
2026-09-08 16:15:07,480 [WARN] PackLoader:240 - Cannot read IP mode file for WES.I-CUBE-Cesium.1.3.0
2026-09-08 16:15:07,491 [WARN] PackLoader:240 - Cannot read IP mode file for STMicroelectronics.X-CUBE-BLE2.3.3.0
2026-09-08 16:15:07,492 [INFO] WebApp:169 - Instantiating new browser for Auth
2026-09-08 16:15:07,513 [WARN] PackLoader:240 - Cannot read IP mode file for STMicroelectronics.X-CUBE-NFC9.1.0.0
2026-09-08 16:15:07,522 [WARN] PackLoader:240 - Cannot read IP mode file for STMicroelectronics.X-CUBE-BLE1.7.1.0
2026-09-08 16:15:07,530 [WARN] PackLoader:240 - Cannot read IP mode file for wolfSSL.I-CUBE-wolfMQTT.1.19.2
2026-09-08 16:15:07,540 [WARN] PackLoader:240 - Cannot read IP mode file for STMicroelectronics.X-CUBE-EEPRMA1.5.2.0
2026-09-08 16:15:07,554 [WARN] PackLoader:240 - Cannot read IP mode file for STMicroelectronics.FP-SNS-STAIOTCFT.1.1.0
2026-09-08 16:15:07,600 [WARN] PackLoader:240 - Cannot read IP mode file for STMicroelectronics.X-CUBE-MEMS1.12.0.0
2026-09-08 16:15:07,736 [WARN] PackLoader:240 - Cannot read IP mode file for STMicroelectronics.X-CUBE-MEMS1.11.2.0
2026-09-08 16:15:07,899 [WARN] PackLoader:240 - Cannot read IP mode file for STMicroelectronics.X-CUBE-AZRTOS-G0.1.1.0
2026-09-08 16:15:07,909 [WARN] PackLoader:240 - Cannot read IP mode file for STMicroelectronics.X-CUBE-SAFEA1.1.2.2
2026-09-08 16:15:07,918 [WARN] PackLoader:240 - Cannot read IP mode file for STMicroelectronics.X-CUBE-NFC4.3.0.0
2026-09-08 16:15:07,929 [WARN] PackLoader:240 - Cannot read IP mode file for EmbeddedOffice.I-CUBE-FS-RTOS.1.0.1
2026-09-08 16:15:07,938 [WARN] PackLoader:240 - Cannot read IP mode file for STMicroelectronics.X-CUBE-WB05N.2.0.0
2026-09-08 16:15:07,944 [WARN] PackLoader:240 - Cannot read IP mode file for wolfSSL.I-CUBE-wolfTPM.3.8.0
2026-09-08 16:15:07,950 [WARN] PackLoader:240 - Cannot read IP mode file for STMicroelectronics.X-CUBE-TCPP.4.2.0
2026-09-08 16:15:07,961 [WARN] PackLoader:240 - Cannot read IP mode file for RealThread.X-CUBE-RT-Thread_Nano.4.1.1
2026-09-08 16:15:07,969 [WARN] PackLoader:240 - Cannot read IP mode file for STMicroelectronics.FP-ATR-SIGFOX1.3.2.0
2026-09-08 16:15:07,976 [WARN] PackLoader:240 - Cannot read IP mode file for STMicroelectronics.X-CUBE-EEPRMA1.5.1.0
2026-09-08 16:15:07,984 [WARN] PackLoader:240 - Cannot read IP mode file for STMicroelectronics.X-CUBE-FREERTOS.1.5.0
2026-09-08 16:15:07,992 [WARN] PackLoader:240 - Cannot read IP mode file for wolfSSL.I-CUBE-wolfSSL.5.7.6
2026-09-08 16:15:08,002 [WARN] PackLoader:240 - Cannot read IP mode file for ITTIA_DB.I-CUBE-ITTIADB.8.9.0
2026-09-08 16:15:08,013 [WARN] PackLoader:240 - Cannot read IP mode file for STMicroelectronics.X-CUBE-NFC6.3.2.0
2026-09-08 16:15:08,019 [WARN] PackLoader:240 - Cannot read IP mode file for STMicroelectronics.X-CUBE-AI.10.2.1
2026-09-08 16:15:08,025 [WARN] PackLoader:240 - Cannot read IP mode file for STMicroelectronics.X-CUBE-AI.10.2.0
2026-09-08 16:15:08,060 [WARN] PackLoader:240 - Cannot read IP mode file for STMicroelectronics.X-CUBE-MEMS1.12.1.0
2026-09-08 16:15:08,183 [WARN] PackLoader:240 - Cannot read IP mode file for SEGGER.I-CUBE-embOS.1.3.1
2026-09-08 16:15:08,230 [WARN] PackLoader:240 - Cannot read IP mode file for STMicroelectronics.X-CUBE-ALGOBUILD.1.4.0
2026-09-08 16:15:08,234 [ERROR] Engine:466 - C:\Users\azaki\.stm32cubemx\thirdparties\pdsc\STMicroelectronics.FP-SNS-STAIOTCFT.2.0.0.pdsc: PDSC version is not supported
2026-09-08 16:15:08,241 [WARN] PackLoader:240 - Cannot read IP mode file for STMicroelectronics.X-CUBE-NFC13.1.0.0
2026-09-08 16:15:08,256 [WARN] PackLoader:240 - Cannot read IP mode file for STMicroelectronics.X-CUBE-PM33A1.1.0.0
2026-09-08 16:15:08,270 [WARN] PackLoader:240 - Cannot read IP mode file for STMicroelectronics.X-CUBE-AZRTOS-F4.1.1.0
2026-09-08 16:15:08,276 [WARN] PackLoader:240 - Cannot read IP mode file for Avnet-IotConnect.X-CUBE-IoTC-DA16k-PMOD.1.0.0
2026-09-08 16:15:08,282 [WARN] PackLoader:240 - Cannot read IP mode file for STMicroelectronics.X-CUBE-ISPU.2.1.0
2026-09-08 16:15:08,295 [WARN] PackLoader:240 - Cannot read IP mode file for STMicroelectronics.X-CUBE-IPS.3.2.0
2026-09-08 16:15:08,311 [WARN] PackLoader:240 - Cannot read IP mode file for STMicroelectronics.eDS-WB_DPC_TT-BIDIR.2.1.1
2026-09-08 16:15:08,319 [WARN] PackLoader:240 - Cannot read IP mode file for STMicroelectronics.X-CUBE-NFC12.1.0.0
2026-09-08 16:15:08,337 [WARN] PackLoader:240 - Cannot read IP mode file for STMicroelectronics.X-CUBE-AZRTOS-L5.2.0.0
2026-09-08 16:15:08,345 [WARN] PackLoader:240 - Cannot read IP mode file for STMicroelectronics.X-CUBE-NFC6.3.1.0
2026-09-08 16:15:08,354 [WARN] PackLoader:240 - Cannot read IP mode file for STMicroelectronics.X-CUBE-ALGOBUILD.1.5.0
2026-09-08 16:15:08,361 [WARN] PackLoader:240 - Cannot read IP mode file for STMicroelectronics.X-CUBE-DPower.1.2.0
2026-09-08 16:15:08,367 [WARN] PackLoader:240 - Cannot read IP mode file for STMicroelectronics.eDS-WB_DPC_VIENNA.1.2.0
2026-09-08 16:15:08,402 [WARN] PackLoader:240 - Cannot read IP mode file for STMicroelectronics.X-CUBE-MEMS1.13.0.0
2026-09-08 16:15:08,477 [WARN] PackLoader:240 - Cannot read IP mode file for STMicroelectronics.eDS-WB_DPC_3PH2L-BIDIR.1.1.1
2026-09-08 16:15:08,482 [ERROR] Engine:466 - C:\Users\azaki\.stm32cubemx\thirdparties\pdsc\STMicroelectronics.X-CUBE-ST67W61.1.3.0.pdsc: PDSC version is not supported
2026-09-08 16:15:08,487 [WARN] PackLoader:240 - Cannot read IP mode file for STMicroelectronics.X-CUBE-FREERTOS.1.3.0
2026-09-08 16:15:08,495 [WARN] PackLoader:240 - Cannot read IP mode file for STMicroelectronics.X-CUBE-NFC7.1.0.1
2026-09-08 16:15:08,508 [WARN] PackLoader:240 - Cannot read IP mode file for STMicroelectronics.X-CUBE-TOUCHGFX.4.26.1
2026-09-08 16:15:08,514 [WARN] PackLoader:240 - Cannot read IP mode file for STMicroelectronics.FP-SNS-STAIOTCFT.1.0.0
2026-09-08 16:15:08,520 [WARN] PackLoader:240 - Cannot read IP mode file for STMicroelectronics.X-CUBE-DPower.1.3.0
2026-09-08 16:15:08,541 [WARN] ConditionMgr:438 - getConditionDescription Invalid condition id : LAN8742 Phy interface Condition cause : null
2026-09-08 16:15:08,541 [WARN] PackLoader:240 - Cannot read IP mode file for STMicroelectronics.X-CUBE-AZRTOS-L4.2.0.0
2026-09-08 16:15:08,543 [WARN] ConditionMgr:1044 - genDependencies : Invalid condition id : LAN8742 Phy interface Condition cause : null
2026-09-08 16:15:08,543 [WARN] ConditionMgr:1044 - genDependencies : Invalid condition id : LAN8742 Phy interface Condition cause : null
2026-09-08 16:15:08,544 [WARN] ConditionMgr:1044 - genDependencies : Invalid condition id : LAN8742 Phy interface Condition cause : null
2026-09-08 16:15:08,554 [WARN] PackLoader:240 - Cannot read IP mode file for STMicroelectronics.X-CUBE-SFXS2LP1.4.0.0
2026-09-08 16:15:08,563 [WARN] PackLoader:240 - Cannot read IP mode file for STMicroelectronics.X-CUBE-WB05N.2.1.0
2026-09-08 16:15:08,572 [WARN] PackLoader:240 - Cannot read IP mode file for STMicroelectronics.X-CUBE-ST67W61.1.2.0
2026-09-08 16:15:08,596 [WARN] PackLoader:240 - Cannot read IP mode file for STMicroelectronics.X-CUBE-AZRTOS-H7.3.3.0
2026-09-08 16:15:08,611 [WARN] PackLoader:240 - Cannot read IP mode file for STMicroelectronics.X-CUBE-BLEMGR.4.1.0
2026-09-08 16:15:08,626 [WARN] ConditionMgr:438 - getConditionDescription Invalid condition id : UX DEVICE CLASS RTOS Condition cause : null
2026-09-08 16:15:08,627 [WARN] ConditionMgr:438 - getConditionDescription Invalid condition id : UX DEVICE CLASS RTOS Condition cause : null
2026-09-08 16:15:08,630 [WARN] PackLoader:240 - Cannot read IP mode file for STMicroelectronics.X-CUBE-AZRTOS-WB.2.0.0
2026-09-08 16:15:08,630 [WARN] ConditionMgr:1044 - genDependencies : Invalid condition id : UX DEVICE CLASS RTOS Condition cause : null
2026-09-08 16:15:08,631 [WARN] ConditionMgr:1044 - genDependencies : Invalid condition id : UX DEVICE CLASS RTOS Condition cause : null
2026-09-08 16:15:08,631 [WARN] ConditionMgr:1044 - genDependencies : Invalid condition id : UX DEVICE CLASS RTOS Condition cause : null
2026-09-08 16:15:08,632 [WARN] ConditionMgr:1044 - genDependencies : Invalid condition id : UX DEVICE CLASS RTOS Condition cause : null
2026-09-08 16:15:08,632 [WARN] ConditionMgr:1044 - genDependencies : Invalid condition id : UX DEVICE CLASS RTOS Condition cause : null
2026-09-08 16:15:08,640 [WARN] PackLoader:240 - Cannot read IP mode file for STMicroelectronics.X-CUBE-GNSS1.7.0.1
2026-09-08 16:15:08,645 [WARN] PackLoader:240 - Cannot read IP mode file for STMicroelectronics.X-CUBE-TOUCHGFX.4.25.0
2026-09-08 16:15:08,651 [WARN] PackLoader:240 - Cannot read IP mode file for STMicroelectronics.FP-SNS-STBOX1.2.0.0
2026-09-08 16:15:08,661 [WARN] PackLoader:240 - Cannot read IP mode file for STMicroelectronics.X-CUBE-STSE01.2.0.0
2026-09-08 16:15:08,672 [WARN] PackLoader:240 - Cannot read IP mode file for STMicroelectronics.X-CUBE-SUBG2.5.0.0
2026-09-08 16:15:08,692 [WARN] PackLoader:240 - Cannot read IP mode file for STMicroelectronics.X-CUBE-AZRTOS-H7RS.1.1.0
2026-09-08 16:15:08,700 [WARN] PackLoader:240 - Cannot read IP mode file for Cesanta.I-CUBE-Mongoose.7.13.0
2026-09-08 16:15:08,726 [WARN] PackLoader:240 - Cannot read IP mode file for STMicroelectronics.X-CUBE-AZRTOS-G4.2.0.0
2026-09-08 16:15:08,737 [WARN] PackLoader:240 - Cannot read IP mode file for wolfSSL.I-CUBE-wolfSSH.1.4.20
2026-09-08 16:15:08,742 [WARN] PackLoader:240 - Cannot read IP mode file for STMicroelectronics.X-CUBE-NFC7.2.0.0
2026-09-08 16:15:08,760 [WARN] PackLoader:240 - Cannot read IP mode file for STMicroelectronics.X-CUBE-IPS.3.1.0
2026-09-08 16:15:08,794 [ERROR] Engine:466 - C:\Users\azaki\.stm32cubemx\thirdparties\pdsc\STMicroelectronics.X-CUBE-BLEMGR.4.2.0.pdsc: PDSC version is not supported
2026-09-08 16:15:08,802 [WARN] PackLoader:240 - Cannot read IP mode file for STMicroelectronics.X-CUBE-ALS.1.0.2
2026-09-08 16:15:08,810 [WARN] PackLoader:240 - Cannot read IP mode file for portGmbH.I-Cube-SoM-uGOAL.1.1.0
2026-09-08 16:15:08,824 [WARN] PackLoader:240 - Cannot read IP mode file for STMicroelectronics.X-CUBE-TOF1.3.4.2
2026-09-08 16:15:08,851 [WARN] PackLoader:240 - Cannot read IP mode file for STMicroelectronics.X-CUBE-TOF1.3.4.3
2026-09-08 16:15:08,863 [INFO] ThirdParty:978 - Integrity check success = true
2026-09-08 16:15:08,863 [INFO] IntegrityCheckThread:100 - exiting critical section [integrity check]
2026-09-08 16:15:08,863 [INFO] IntegrityCheckThread:103 - End integrity checks thread
2026-09-08 16:15:10,578 [INFO] WebApp:463 - Apply proxy settings
2026-09-08 16:15:10,578 [INFO] WebApp:548 - Chromium requires no authentication
2026-09-08 16:15:10,606 [INFO] WebApp:491 - Direct internet connection detected
2026-09-08 16:15:10,671 [INFO] WebApp:900 - Register for checkConnection events
2026-09-08 16:15:10,672 [INFO] WebApp:463 - Apply proxy settings
2026-09-08 16:15:10,672 [INFO] WebApp:548 - Chromium requires no authentication
2026-09-08 16:15:10,672 [INFO] WebApp:491 - Direct internet connection detected
2026-09-08 16:15:10,988 [INFO] WebApp:225 - Starting web application
2026-09-08 16:15:10,989 [INFO] WebApp:593 - Web application path used C:\ST\STM32CubeIDE_1.19.0\STM32CubeIDE\plugins\com.st.stm32cube.common.mx_6.15.0.202507011659\db\plugins\mcufinder\reactClient1\index.html
2026-09-08 16:15:11,134 [INFO] UserAuth:487 - Internet connection configuration mode: 1
2026-09-08 16:15:12,497 [INFO] WebApp:191 - Connection restablished
2026-09-08 17:34:52,806 [ERROR] LogOutputStream:75 - [STDERR_REDIRECT] 
