2026-07-14 02:13:59,838 [ERROR] LogOutputStream:75 - [STDERR_REDIRECT] 
2026-07-14 15:23:46,668 [INFO] Activator:176 - 


2026-07-14 15:23:46,671 [INFO] Activator:177 - !SESSION log4j initialized
2026-07-14 15:23:55,176 [INFO] LogOutputStream:77 - [STDOUT_REDIRECT] 
2026-07-14 15:23:56,992 [INFO] ApplicationProperties:184 - Using Application install path: C:\ST\STM32CubeIDE_1.19.0\STM32CubeIDE\plugins\com.st.stm32cube.common.mx_6.15.0.202507011659
2026-07-14 15:23:57,027 [INFO] DbMcusXml:78 - Set database path to: C:\ST\STM32CubeIDE_1.19.0\STM32CubeIDE\plugins\com.st.stm32cube.common.mx_6.15.0.202507011659\\db\/mcu/
2026-07-14 15:23:57,028 [INFO] ApiDb:274 - Set plugin database path to: C:\ST\STM32CubeIDE_1.19.0\STM32CubeIDE\plugins\com.st.stm32cube.common.mx_6.15.0.202507011659\\db\/plugins/boardmanager/
2026-07-14 15:23:57,029 [WARN] ApiDb:259 - Overriding images path with different value:  => C:\ST\STM32CubeIDE_1.19.0\STM32CubeIDE\plugins\com.st.stm32cube.common.mx_6.15.0.202507011659\\db\/plugins/mcufinder/images/
2026-07-14 15:23:57,043 [INFO] ApiDb:250 - Set database path to: C:\Users\azaki\.stmcufinder\plugins\mcufinder//mcu/
2026-07-14 15:23:57,047 [INFO] DbMcusAds:125 - Set database path to: C:\Users\azaki\.stmcufinder\plugins\mcufinder//mcu/
2026-07-14 15:23:57,052 [INFO] CrossReferenceDbSqlite:203 - Set database path to: C:\Users\azaki\.stmcufinder\plugins\mcufinder//mcu/cs/
2026-07-14 15:23:57,258 [INFO] RulesReader:64 - Compatibility file has been processed (317 Rules)
2026-07-14 15:23:57,530 [INFO] DbMcusXml:78 - Set database path to: C:\ST\STM32CubeIDE_1.19.0\STM32CubeIDE\plugins\com.st.stm32cube.common.mx_6.15.0.202507011659\\db\/mcu/
2026-07-14 15:23:57,530 [INFO] ApiDb:274 - Set plugin database path to: C:\ST\STM32CubeIDE_1.19.0\STM32CubeIDE\plugins\com.st.stm32cube.common.mx_6.15.0.202507011659\\db\/plugins/boardmanager/
2026-07-14 15:23:57,531 [INFO] ApiDb:261 - Set plugin images path to: C:\ST\STM32CubeIDE_1.19.0\STM32CubeIDE\plugins\com.st.stm32cube.common.mx_6.15.0.202507011659\\db\/plugins/mcufinder/images/
2026-07-14 15:23:57,531 [WARN] DbFile:41 - Overriding database path with different value: C:\Users\azaki\.stmcufinder\plugins\mcufinder/ => C:\Users\azaki\.stmcufinder\plugins\mcufinder
2026-07-14 15:23:57,532 [INFO] ApiDb:250 - Set database path to: C:\Users\azaki\.stmcufinder\plugins\mcufinder//mcu/
2026-07-14 15:23:57,532 [WARN] DbFile:41 - Overriding database path with different value: C:\Users\azaki\.stmcufinder\plugins\mcufinder/ => C:\Users\azaki\.stmcufinder\plugins\mcufinder
2026-07-14 15:23:57,532 [INFO] DbMcusAds:125 - Set database path to: C:\Users\azaki\.stmcufinder\plugins\mcufinder//mcu/
2026-07-14 15:23:57,533 [WARN] DbFile:41 - Overriding database path with different value: C:\Users\azaki\.stmcufinder\plugins\mcufinder/ => C:\Users\azaki\.stmcufinder\plugins\mcufinder
2026-07-14 15:23:57,533 [WARN] DbFile:41 - Overriding database path with different value: C:\Users\azaki\.stmcufinder\plugins\mcufinder/ => C:\Users\azaki\.stmcufinder\plugins\mcufinder
2026-07-14 15:23:57,533 [INFO] CrossReferenceDbSqlite:203 - Set database path to: C:\Users\azaki\.stmcufinder\plugins\mcufinder//mcu/cs/
2026-07-14 15:23:57,680 [INFO] MainPanel:274 - HeapMemory: 268435456
2026-07-14 15:23:57,978 [INFO] DbMcusXml:78 - Set database path to: C:\ST\STM32CubeIDE_1.19.0\STM32CubeIDE\plugins\com.st.stm32cube.common.mx_6.15.0.202507011659\\db\/mcu/
2026-07-14 15:23:57,979 [INFO] ApiDb:274 - Set plugin database path to: C:\ST\STM32CubeIDE_1.19.0\STM32CubeIDE\plugins\com.st.stm32cube.common.mx_6.15.0.202507011659\\db\/plugins/boardmanager/
2026-07-14 15:23:57,979 [INFO] ApiDb:261 - Set plugin images path to: C:\ST\STM32CubeIDE_1.19.0\STM32CubeIDE\plugins\com.st.stm32cube.common.mx_6.15.0.202507011659\\db\/plugins/mcufinder/images/
2026-07-14 15:23:57,979 [WARN] DbFile:41 - Overriding database path with different value: C:\Users\azaki\.stmcufinder\plugins\mcufinder/ => C:\Users\azaki\.stmcufinder\plugins\mcufinder
2026-07-14 15:23:57,980 [INFO] ApiDb:250 - Set database path to: C:\Users\azaki\.stmcufinder\plugins\mcufinder//mcu/
2026-07-14 15:23:57,980 [WARN] DbFile:41 - Overriding database path with different value: C:\Users\azaki\.stmcufinder\plugins\mcufinder/ => C:\Users\azaki\.stmcufinder\plugins\mcufinder
2026-07-14 15:23:57,980 [INFO] DbMcusAds:125 - Set database path to: C:\Users\azaki\.stmcufinder\plugins\mcufinder//mcu/
2026-07-14 15:23:57,980 [WARN] DbFile:41 - Overriding database path with different value: C:\Users\azaki\.stmcufinder\plugins\mcufinder/ => C:\Users\azaki\.stmcufinder\plugins\mcufinder
2026-07-14 15:23:57,980 [WARN] DbFile:41 - Overriding database path with different value: C:\Users\azaki\.stmcufinder\plugins\mcufinder/ => C:\Users\azaki\.stmcufinder\plugins\mcufinder
2026-07-14 15:23:57,980 [INFO] CrossReferenceDbSqlite:203 - Set database path to: C:\Users\azaki\.stmcufinder\plugins\mcufinder//mcu/cs/
2026-07-14 15:23:58,013 [INFO] ApplicationProperties:184 - Using Application install path: C:\ST\STM32CubeIDE_1.19.0\STM32CubeIDE\plugins\com.st.stm32cube.common.mx_6.15.0.202507011659
2026-07-14 15:23:58,015 [INFO] PluginManage:196 - Search for loadable plugins [exclusion list=, ]
2026-07-14 15:23:58,018 [INFO] PluginManage:310 - Check plugin analytics
2026-07-14 15:23:58,439 [INFO] AnalyticsPlugin:253 - Accepted Software Licenses: 
2026-07-14 15:23:58,440 [INFO] AnalyticsPlugin:255 - Accepted CMSIS Pack Licenses: 
2026-07-14 15:23:58,440 [INFO] AnalyticsPlugin:257 - Accepted Firmware Licenses: FW.L4.1.18.0
2026-07-14 15:23:58,450 [INFO] PluginManage:359 - Loaded plugin analytics (category:tool,tabindex:-1)
2026-07-14 15:23:58,451 [INFO] PluginManage:310 - Check plugin cadmodel
2026-07-14 15:23:58,465 [INFO] CADModel:105 - Init CAD model plugin
2026-07-14 15:23:58,466 [INFO] PluginManage:359 - Loaded plugin cadmodel (category:power,tabindex:5)
2026-07-14 15:23:58,466 [INFO] PluginManage:310 - Check plugin clock
2026-07-14 15:23:58,497 [INFO] PluginManage:359 - Loaded plugin clock (category:base,tabindex:2)
2026-07-14 15:23:58,498 [INFO] PluginManage:310 - Check plugin ddr
2026-07-14 15:23:58,508 [INFO] PluginManage:359 - Loaded plugin ddr (category:tool,tabindex:6)
2026-07-14 15:23:58,508 [INFO] PluginManage:310 - Check plugin filemanager
2026-07-14 15:23:58,838 [INFO] PluginManage:359 - Loaded plugin filemanager (category:base,tabindex:10)
2026-07-14 15:23:58,839 [INFO] PluginManage:310 - Check plugin ipmanager
2026-07-14 15:23:58,853 [INFO] PluginManage:359 - Loaded plugin ipmanager (category:base,tabindex:5)
2026-07-14 15:23:58,853 [INFO] PluginManage:310 - Check plugin lpbam
2026-07-14 15:23:58,871 [INFO] PluginManage:359 - Loaded plugin lpbam (category:base,tabindex:0)
2026-07-14 15:23:58,871 [INFO] PluginManage:310 - Check plugin memorymap
2026-07-14 15:23:58,904 [INFO] PluginManage:359 - Loaded plugin memorymap (category:base,tabindex:4)
2026-07-14 15:23:58,904 [INFO] PluginManage:310 - Check plugin pinoutandconfiguration
2026-07-14 15:23:58,926 [INFO] PluginManage:359 - Loaded plugin pinoutandconfiguration (category:base,tabindex:1)
2026-07-14 15:23:58,926 [INFO] PluginManage:310 - Check plugin pinoutconfig
2026-07-14 15:23:59,118 [WARN] SupportedApi:132 - Cannot load RTOS API schema: s4s-elt-must-match.1: The content of 'definitions' must match (annotation?, (simpleType | complexType)?, (unique | key | keyref)*)). A problem was found starting at: attribute.
2026-07-14 15:23:59,389 [INFO] PluginManage:359 - Loaded plugin pinoutconfig (category:base,tabindex:0)
2026-07-14 15:23:59,389 [INFO] PluginManage:310 - Check plugin power
2026-07-14 15:23:59,403 [INFO] PluginManage:359 - Loaded plugin power (category:power,tabindex:4)
2026-07-14 15:23:59,403 [INFO] PluginManage:310 - Check plugin projectmanager
2026-07-14 15:23:59,432 [INFO] PluginManage:359 - Loaded plugin projectmanager (category:projectmanager,tabindex:4)
2026-07-14 15:23:59,432 [INFO] PluginManage:310 - Check plugin rif
2026-07-14 15:23:59,453 [INFO] PluginManage:359 - Loaded plugin rif (category:base,tabindex:3)
2026-07-14 15:23:59,453 [INFO] PluginManage:310 - Check plugin thirdparty
2026-07-14 15:23:59,739 [INFO] PluginManage:359 - Loaded plugin thirdparty (category:base,tabindex:-1)
2026-07-14 15:23:59,739 [WARN] IntegrityCheckThread:84 - waiting for thirdparty lock release [integrity check]
2026-07-14 15:23:59,740 [INFO] PluginManage:310 - Check plugin tools
2026-07-14 15:23:59,740 [INFO] IntegrityCheckThread:86 - entering critical section [integrity check]
2026-07-14 15:23:59,741 [INFO] ThirdPartyUpdaterWithRetryManager:70 - Updater plugin not ready yet. [1/15]
2026-07-14 15:23:59,745 [INFO] PluginManage:359 - Loaded plugin tools (category:base,tabindex:7)
2026-07-14 15:23:59,745 [INFO] PluginManage:310 - Check plugin tutovideos
2026-07-14 15:24:00,123 [INFO] PluginManage:359 - Loaded plugin tutovideos (category:base,tabindex:-1)
2026-07-14 15:24:00,123 [INFO] PluginManage:310 - Check plugin updater
2026-07-14 15:24:00,161 [INFO] PluginManage:359 - Loaded plugin updater (category:base,tabindex:12)
2026-07-14 15:24:00,161 [INFO] PluginManage:310 - Check plugin userauth
2026-07-14 15:24:00,168 [INFO] UserAuth:118 - Init User Auth plugin
2026-07-14 15:24:00,170 [INFO] PluginManage:359 - Loaded plugin userauth (category:base,tabindex:14)
2026-07-14 15:24:00,171 [INFO] PluginManage:283 - PluginManage : Loaded plugins [18]
2026-07-14 15:24:00,470 [INFO] PinOutPanel:1589 - setPackage(No Configuration,No Configuration)
2026-07-14 15:24:00,601 [INFO] CADModel:165 - CPN selected for project level
2026-07-14 15:24:00,601 [INFO] CADModel:114 - Register for checkConnection events
2026-07-14 15:24:00,631 [INFO] IPUIPlugin:80 - create IPUIPlugin
2026-07-14 15:24:00,631 [INFO] PluginManager:220 - loadIPPluginJar : add adc
2026-07-14 15:24:00,636 [INFO] IPUIPlugin:80 - create IPUIPlugin
2026-07-14 15:24:00,636 [INFO] PluginManager:220 - loadIPPluginJar : add aes
2026-07-14 15:24:00,641 [INFO] IPUIPlugin:80 - create IPUIPlugin
2026-07-14 15:24:00,642 [INFO] PluginManager:220 - loadIPPluginJar : add can
2026-07-14 15:24:00,645 [INFO] IPUIPlugin:80 - create IPUIPlugin
2026-07-14 15:24:00,645 [INFO] PluginManager:220 - loadIPPluginJar : add comp
2026-07-14 15:24:00,650 [INFO] IPUIPlugin:80 - create IPUIPlugin
2026-07-14 15:24:00,650 [INFO] PluginManager:220 - loadIPPluginJar : add cryp
2026-07-14 15:24:00,655 [INFO] IPUIPlugin:80 - create IPUIPlugin
2026-07-14 15:24:00,656 [INFO] PluginManager:220 - loadIPPluginJar : add ddr_ctrl_phy
2026-07-14 15:24:00,659 [INFO] IPUIPlugin:80 - create IPUIPlugin
2026-07-14 15:24:00,659 [INFO] PluginManager:220 - loadIPPluginJar : add dfsdm
2026-07-14 15:24:00,666 [INFO] IPUIPlugin:80 - create IPUIPlugin
2026-07-14 15:24:00,667 [INFO] PluginManager:220 - loadIPPluginJar : add dma
2026-07-14 15:24:00,670 [INFO] IPUIPlugin:80 - create IPUIPlugin
2026-07-14 15:24:00,671 [INFO] PluginManager:220 - loadIPPluginJar : add dma3
2026-07-14 15:24:00,674 [INFO] IPUIPlugin:80 - create IPUIPlugin
2026-07-14 15:24:00,674 [INFO] PluginManager:220 - loadIPPluginJar : add extmemmanager
2026-07-14 15:24:00,676 [INFO] IPUIPlugin:80 - create IPUIPlugin
2026-07-14 15:24:00,677 [INFO] PluginManager:220 - loadIPPluginJar : add fatfs
2026-07-14 15:24:00,682 [INFO] IPUIPlugin:80 - create IPUIPlugin
2026-07-14 15:24:00,683 [INFO] PluginManager:220 - loadIPPluginJar : add fmc
2026-07-14 15:24:00,691 [INFO] IPUIPlugin:80 - create IPUIPlugin
2026-07-14 15:24:00,691 [INFO] PluginManager:220 - loadIPPluginJar : add freertos
2026-07-14 15:24:00,693 [INFO] IPUIPlugin:80 - create IPUIPlugin
2026-07-14 15:24:00,693 [INFO] PluginManager:220 - loadIPPluginJar : add genericplugin
2026-07-14 15:24:00,696 [INFO] IPUIPlugin:80 - create IPUIPlugin
2026-07-14 15:24:00,696 [INFO] PluginManager:220 - loadIPPluginJar : add gfxmmu
2026-07-14 15:24:00,702 [INFO] IPUIPlugin:80 - create IPUIPlugin
2026-07-14 15:24:00,702 [INFO] PluginManager:220 - loadIPPluginJar : add gic
2026-07-14 15:24:00,708 [INFO] IPUIPlugin:80 - create IPUIPlugin
2026-07-14 15:24:00,708 [INFO] PluginManager:220 - loadIPPluginJar : add gpio
2026-07-14 15:24:00,712 [INFO] IPUIPlugin:80 - create IPUIPlugin
2026-07-14 15:24:00,712 [INFO] PluginManager:220 - loadIPPluginJar : add gtzc
2026-07-14 15:24:00,715 [INFO] IPUIPlugin:80 - create IPUIPlugin
2026-07-14 15:24:00,715 [INFO] PluginManager:220 - loadIPPluginJar : add hash
2026-07-14 15:24:00,718 [INFO] IPUIPlugin:80 - create IPUIPlugin
2026-07-14 15:24:00,719 [INFO] PluginManager:220 - loadIPPluginJar : add i2c
2026-07-14 15:24:00,722 [INFO] IPUIPlugin:80 - create IPUIPlugin
2026-07-14 15:24:00,722 [INFO] PluginManager:220 - loadIPPluginJar : add i2s
2026-07-14 15:24:00,726 [INFO] IPUIPlugin:80 - create IPUIPlugin
2026-07-14 15:24:00,726 [INFO] PluginManager:220 - loadIPPluginJar : add i3c
2026-07-14 15:24:00,731 [INFO] IPUIPlugin:80 - create IPUIPlugin
2026-07-14 15:24:00,732 [INFO] PluginManager:220 - loadIPPluginJar : add ipddr
2026-07-14 15:24:00,741 [INFO] IPUIPlugin:80 - create IPUIPlugin
2026-07-14 15:24:00,742 [INFO] PluginManager:220 - loadIPPluginJar : add linkedlist
2026-07-14 15:24:00,746 [INFO] IPUIPlugin:80 - create IPUIPlugin
2026-07-14 15:24:00,746 [INFO] PluginManager:220 - loadIPPluginJar : add lorawan
2026-07-14 15:24:00,748 [INFO] IPUIPlugin:80 - create IPUIPlugin
2026-07-14 15:24:00,748 [INFO] PluginManager:220 - loadIPPluginJar : add ltdc
2026-07-14 15:24:00,755 [INFO] IPUIPlugin:80 - create IPUIPlugin
2026-07-14 15:24:00,756 [INFO] PluginManager:220 - loadIPPluginJar : add mdma
2026-07-14 15:24:00,761 [INFO] IPUIPlugin:80 - create IPUIPlugin
2026-07-14 15:24:00,762 [INFO] PluginManager:220 - loadIPPluginJar : add nvic
2026-07-14 15:24:00,766 [INFO] IPUIPlugin:80 - create IPUIPlugin
2026-07-14 15:24:00,766 [INFO] PluginManager:220 - loadIPPluginJar : add opamp
2026-07-14 15:24:00,771 [INFO] IPUIPlugin:80 - create IPUIPlugin
2026-07-14 15:24:00,771 [INFO] PluginManager:220 - loadIPPluginJar : add openamp
2026-07-14 15:24:00,775 [INFO] IPUIPlugin:80 - create IPUIPlugin
2026-07-14 15:24:00,775 [INFO] PluginManager:220 - loadIPPluginJar : add pdm2pcm
2026-07-14 15:24:00,783 [INFO] IPUIPlugin:80 - create IPUIPlugin
2026-07-14 15:24:00,786 [INFO] PluginManager:220 - loadIPPluginJar : add plateformsettings
2026-07-14 15:24:00,789 [INFO] IPUIPlugin:80 - create IPUIPlugin
2026-07-14 15:24:00,789 [INFO] PluginManager:220 - loadIPPluginJar : add quadspi
2026-07-14 15:24:00,792 [INFO] IPUIPlugin:80 - create IPUIPlugin
2026-07-14 15:24:00,792 [INFO] PluginManager:220 - loadIPPluginJar : add radio
2026-07-14 15:24:00,810 [INFO] IPUIPlugin:80 - create IPUIPlugin
2026-07-14 15:24:00,810 [INFO] PluginManager:220 - loadIPPluginJar : add resmgrutility
2026-07-14 15:24:00,816 [INFO] IPUIPlugin:80 - create IPUIPlugin
2026-07-14 15:24:00,816 [INFO] PluginManager:220 - loadIPPluginJar : add sai
2026-07-14 15:24:00,821 [INFO] IPUIPlugin:80 - create IPUIPlugin
2026-07-14 15:24:00,821 [INFO] PluginManager:220 - loadIPPluginJar : add spi
2026-07-14 15:24:00,830 [INFO] IPUIPlugin:80 - create IPUIPlugin
2026-07-14 15:24:00,830 [INFO] PluginManager:220 - loadIPPluginJar : add stm32_wpan
2026-07-14 15:24:00,832 [INFO] IPUIPlugin:80 - create IPUIPlugin
2026-07-14 15:24:00,832 [INFO] PluginManager:220 - loadIPPluginJar : add tim
2026-07-14 15:24:00,838 [INFO] IPUIPlugin:80 - create IPUIPlugin
2026-07-14 15:24:00,838 [INFO] PluginManager:220 - loadIPPluginJar : add touchsensing
2026-07-14 15:24:00,842 [INFO] IPUIPlugin:80 - create IPUIPlugin
2026-07-14 15:24:00,842 [INFO] PluginManager:220 - loadIPPluginJar : add tracer_emb
2026-07-14 15:24:00,845 [INFO] IPUIPlugin:80 - create IPUIPlugin
2026-07-14 15:24:00,845 [INFO] PluginManager:220 - loadIPPluginJar : add ts
2026-07-14 15:24:00,848 [INFO] IPUIPlugin:80 - create IPUIPlugin
2026-07-14 15:24:00,848 [INFO] PluginManager:220 - loadIPPluginJar : add tsc
2026-07-14 15:24:00,851 [INFO] IPUIPlugin:80 - create IPUIPlugin
2026-07-14 15:24:00,851 [INFO] PluginManager:220 - loadIPPluginJar : add ucpd
2026-07-14 15:24:00,856 [INFO] IPUIPlugin:80 - create IPUIPlugin
2026-07-14 15:24:00,856 [INFO] PluginManager:220 - loadIPPluginJar : add usart
2026-07-14 15:24:00,861 [INFO] IPUIPlugin:80 - create IPUIPlugin
2026-07-14 15:24:00,862 [INFO] PluginManager:220 - loadIPPluginJar : add usbx
2026-07-14 15:24:01,009 [FATAL] Updater:351 - Updater called before beeing initialized
2026-07-14 15:24:01,053 [INFO] RulesReader:64 - Compatibility file has been processed (317 Rules)
2026-07-14 15:24:01,067 [INFO] RulesReader:64 - Compatibility file has been processed (317 Rules)
2026-07-14 15:24:01,083 [INFO] CADModel:165 - CPN selected for project level
2026-07-14 15:24:01,084 [INFO] CADModel:114 - Register for checkConnection events
2026-07-14 15:24:01,084 [FATAL] Updater:351 - Updater called before beeing initialized
2026-07-14 15:24:01,084 [ERROR] CADModel:125 - Updater not yet initialized, retry later 
2026-07-14 15:24:01,340 [FATAL] Updater:351 - Updater called before beeing initialized
2026-07-14 15:24:01,342 [INFO] CADModel:165 - CPN selected for project level
2026-07-14 15:24:01,342 [INFO] CADModel:114 - Register for checkConnection events
2026-07-14 15:24:01,343 [FATAL] Updater:351 - Updater called before beeing initialized
2026-07-14 15:24:01,343 [ERROR] CADModel:125 - Updater not yet initialized, retry later 
2026-07-14 15:24:01,349 [FATAL] Updater:351 - Updater called before beeing initialized
2026-07-14 15:24:01,525 [FATAL] Updater:351 - Updater called before beeing initialized
2026-07-14 15:24:01,530 [INFO] DbMcusAds:53 - JSON generation date=Fri May 29 02:08:17 AEST 2026 (1779984497073)
2026-07-14 15:24:01,531 [FATAL] Updater:351 - Updater called before beeing initialized
2026-07-14 15:24:01,590 [WARN] DetailPanel:346 - Failed to get advertising image, set to default
2026-07-14 15:24:01,706 [FATAL] Updater:351 - Updater called before beeing initialized
2026-07-14 15:24:01,709 [FATAL] Updater:351 - Updater called before beeing initialized
2026-07-14 15:24:01,709 [FATAL] Updater:351 - Updater called before beeing initialized
2026-07-14 15:24:01,709 [WARN] DetailPanel:346 - Failed to get advertising image, set to default
2026-07-14 15:24:01,710 [FATAL] Updater:351 - Updater called before beeing initialized
2026-07-14 15:24:01,776 [ERROR] Updater:1198 - MainUpdater not yet initialized. External WinMGr cannot be set.
2026-07-14 15:24:01,779 [INFO] Updater:1134 - Updater Version found : 6.15.0
2026-07-14 15:24:01,806 [INFO] ApplicationProperties:184 - Using Application install path: C:\ST\STM32CubeIDE_1.19.0\STM32CubeIDE\plugins\com.st.stm32cube.common.mx_6.15.0.202507011659
2026-07-14 15:24:02,741 [INFO] ThirdPartyUpdaterWithRetryManager:70 - Updater plugin not ready yet. [2/15]
2026-07-14 15:24:03,397 [ERROR] LogOutputStream:75 - [STDERR_REDIRECT] Jul 14, 2026 3:24:03 PM java.util.prefs.WindowsPreferences <init>
2026-07-14 15:24:03,399 [ERROR] LogOutputStream:75 - [STDERR_REDIRECT] WARNING: Could not open/create prefs root node Software\JavaSoft\Prefs at root 0xffffffff80000002. Windows RegCreateKeyEx(...) returned error code 5.
2026-07-14 15:24:03,399 [ERROR] LogOutputStream:75 - [STDERR_REDIRECT] 
2026-07-14 15:24:03,880 [INFO] MainUpdater:2872 - connection check result : 10
2026-07-14 15:24:03,881 [INFO] MainUpdater:3604 - Updater definition file requires update
2026-07-14 15:24:03,882 [INFO] MainUpdater:289 - Updater Check For Update Now.
2026-07-14 15:24:03,883 [INFO] MicroXplorer:498 - Change Database Version : DB.6.0.150
2026-07-14 15:24:03,891 [INFO] McuFinderGlobals:63 - Set McuFinder mode to 2 (CubeIDE integrated)
2026-07-14 15:24:03,893 [INFO] UserAuth:487 - Internet connection configuration mode: 1
2026-07-14 15:24:03,906 [INFO] ServerAccessManage:452 - Complete download http(s) 200
2026-07-14 15:24:03,908 [INFO] ServerAccessManage:509 - Download File updaters.zip
2026-07-14 15:24:03,940 [INFO] JxBrowserEngine:152 - Initiate JxBrowser Engine with user profile folder
2026-07-14 15:24:04,015 [INFO] FileExtend:248 - Unzip File : updaters.zip
2026-07-14 15:24:04,015 [INFO] FileExtend:263 - Standard Zip Deflate
2026-07-14 15:24:04,588 [INFO] ServerAccessManage:452 - Complete download http(s) 200
2026-07-14 15:24:04,589 [INFO] ServerAccessManage:509 - Download File PacksControlFlags.xml
2026-07-14 15:24:04,670 [INFO] ServerAccessManage:452 - Complete download http(s) 200
2026-07-14 15:24:04,671 [INFO] ServerAccessManage:509 - Download File cubemx.pidx
2026-07-14 15:24:04,835 [INFO] LoadServerUpdatesThread:375 - End of LoadServerUpdate Thread
2026-07-14 15:24:05,024 [INFO] CheckServerUpdateThread:120 - End of CheckServer Thread
2026-07-14 15:24:06,188 [WARN] PackLoader:240 - Cannot read IP mode file for STMicroelectronics.X-CUBE-AZRTOS-H7.3.5.0
2026-07-14 15:24:06,201 [WARN] PackLoader:240 - Cannot read IP mode file for STMicroelectronics.FP-SNS-MOTENVWB1.1.4.0
2026-07-14 15:24:06,208 [WARN] PackLoader:240 - Cannot read IP mode file for STMicroelectronics.FP-ATR-ASTRA1.2.0.2
2026-07-14 15:24:06,217 [ERROR] Engine:466 - C:\Users\azaki\.stm32cubemx\thirdparties\pdsc\STMicroelectronics.X-CUBE-SMBUS.2.1.1.pdsc: PDSC version is not supported
2026-07-14 15:24:06,221 [WARN] PackLoader:240 - Cannot read IP mode file for STMicroelectronics.X-CUBE-SMBUS.2.1.0
2026-07-14 15:24:06,229 [WARN] PackLoader:240 - Cannot read IP mode file for STMicroelectronics.X-CUBE-WB05N.1.1.0
2026-07-14 15:24:06,250 [WARN] PackLoader:240 - Cannot read IP mode file for STMicroelectronics.X-CUBE-AZRTOS-F7.1.1.0
2026-07-14 15:24:06,263 [WARN] PackLoader:240 - Cannot read IP mode file for STMicroelectronics.X-CUBE-FREERTOS.1.6.0
2026-07-14 15:24:06,269 [WARN] PackLoader:240 - Cannot read IP mode file for STMicroelectronics.FP-SNS-MOTENV1.5.1.0
2026-07-14 15:24:06,297 [WARN] PackLoader:240 - Cannot read IP mode file for STMicroelectronics.X-CUBE-AZRTOS-H7RS.1.3.0
2026-07-14 15:24:06,334 [WARN] PackLoader:240 - Cannot read IP mode file for Infineon.AIROC-Wi-Fi-Bluetooth-STM32.1.7.0
2026-07-14 15:24:06,347 [WARN] PackLoader:240 - Cannot read IP mode file for STMicroelectronics.X-CUBE-DISPLAY.3.0.0
2026-07-14 15:24:06,358 [WARN] PackLoader:240 - Cannot read IP mode file for STMicroelectronics.X-CUBE-GNSS1.7.1.1
2026-07-14 15:24:06,363 [WARN] PackLoader:240 - Cannot read IP mode file for STMicroelectronics.FP-SNS-MOTENVWB1.1.5.0
2026-07-14 15:24:06,370 [WARN] PackLoader:240 - Cannot read IP mode file for STMicroelectronics.X-CUBE-NFC10.1.0.0
2026-07-14 15:24:06,382 [WARN] PackLoader:240 - Cannot read IP mode file for STMicroelectronics.X-CUBE-BLEMGR.4.0.0
2026-07-14 15:24:06,391 [WARN] PackLoader:240 - Cannot read IP mode file for STMicroelectronics.X-CUBE-ST60.1.1.0
2026-07-14 15:24:06,399 [WARN] PackLoader:240 - Cannot read IP mode file for emotas.I-CUBE-CANOPEN.1.3.0
2026-07-14 15:24:06,402 [ERROR] Engine:466 - C:\Users\azaki\.stm32cubemx\thirdparties\pdsc\STMicroelectronics.X-CUBE-WBA.1.1.0.pdsc: PDSC version is not supported
2026-07-14 15:24:06,407 [WARN] PackLoader:240 - Cannot read IP mode file for STMicroelectronics.X-CUBE-GNSS1.7.1.0
2026-07-14 15:24:06,413 [WARN] ConditionMgr:438 - getConditionDescription Invalid condition id : Cortex-A Device cause : null
2026-07-14 15:24:06,430 [WARN] ConditionMgr:1044 - genDependencies : Invalid condition id : Cortex-A Device cause : null
2026-07-14 15:24:06,430 [WARN] ConditionMgr:1044 - genDependencies : Invalid condition id : Cortex-A Device cause : null
2026-07-14 15:24:06,430 [WARN] ConditionMgr:1044 - genDependencies : Invalid condition id : Cortex-A Device cause : null
2026-07-14 15:24:06,436 [WARN] PackLoader:240 - Cannot read IP mode file for STMicroelectronics.X-CUBE-AI.10.0.0
2026-07-14 15:24:06,444 [WARN] PackLoader:240 - Cannot read IP mode file for STMicroelectronics.FP-SNS-STBOX1.2.1.0
2026-07-14 15:24:06,453 [WARN] PackLoader:240 - Cannot read IP mode file for STMicroelectronics.FP-SNS-SMARTAG2.1.2.0
2026-07-14 15:24:06,460 [WARN] PackLoader:240 - Cannot read IP mode file for STMicroelectronics.FP-SNS-FLIGHT1.5.1.0
2026-07-14 15:24:06,512 [WARN] PackLoader:240 - Cannot read IP mode file for STMicroelectronics.X-CUBE-MEMS1.11.1.0
2026-07-14 15:24:06,661 [INFO] LogOutputStream:77 - [STDOUT_REDIRECT] 1 : Invalid condition id : UX_CORESTACK_Condition cause : null
2026-07-14 15:24:06,663 [INFO] LogOutputStream:77 - [STDOUT_REDIRECT] 1 : Invalid condition id : UX_CORESTACK_Condition cause : null
2026-07-14 15:24:06,666 [INFO] LogOutputStream:77 - [STDOUT_REDIRECT] 1 : Invalid condition id : UX_CORESTACK_Condition cause : null
2026-07-14 15:24:06,668 [INFO] LogOutputStream:77 - [STDOUT_REDIRECT] 1 : Invalid condition id : UX_CORESTACK_Condition cause : null
2026-07-14 15:24:06,670 [INFO] LogOutputStream:77 - [STDOUT_REDIRECT] 1 : Invalid condition id : UX_CORESTACK_Condition cause : null
2026-07-14 15:24:06,672 [WARN] PackLoader:240 - Cannot read IP mode file for STMicroelectronics.X-CUBE-AZRTOS-WL.2.0.0
2026-07-14 15:24:06,678 [WARN] PackLoader:240 - Cannot read IP mode file for STMicroelectronics.FP-SNS-MOTENV1.5.0.0
2026-07-14 15:24:06,692 [WARN] PackLoader:240 - Cannot read IP mode file for STMicroelectronics.X-CUBE-AZRTOS-H7RS.1.2.0
2026-07-14 15:24:06,707 [WARN] PackLoader:240 - Cannot read IP mode file for WES.I-CUBE-Cesium.1.3.0
2026-07-14 15:24:06,713 [WARN] PackLoader:240 - Cannot read IP mode file for STMicroelectronics.X-CUBE-BLE2.3.3.0
2026-07-14 15:24:06,733 [WARN] PackLoader:240 - Cannot read IP mode file for STMicroelectronics.X-CUBE-NFC9.1.0.0
2026-07-14 15:24:06,742 [WARN] PackLoader:240 - Cannot read IP mode file for STMicroelectronics.X-CUBE-BLE1.7.1.0
2026-07-14 15:24:06,749 [WARN] PackLoader:240 - Cannot read IP mode file for wolfSSL.I-CUBE-wolfMQTT.1.19.2
2026-07-14 15:24:06,757 [WARN] PackLoader:240 - Cannot read IP mode file for STMicroelectronics.X-CUBE-EEPRMA1.5.2.0
2026-07-14 15:24:06,765 [WARN] PackLoader:240 - Cannot read IP mode file for STMicroelectronics.FP-SNS-STAIOTCFT.1.1.0
2026-07-14 15:24:06,804 [WARN] PackLoader:240 - Cannot read IP mode file for STMicroelectronics.X-CUBE-MEMS1.12.0.0
2026-07-14 15:24:06,918 [WARN] PackLoader:240 - Cannot read IP mode file for STMicroelectronics.X-CUBE-MEMS1.11.2.0
2026-07-14 15:24:07,042 [WARN] PackLoader:240 - Cannot read IP mode file for STMicroelectronics.X-CUBE-AZRTOS-G0.1.1.0
2026-07-14 15:24:07,050 [WARN] PackLoader:240 - Cannot read IP mode file for STMicroelectronics.X-CUBE-SAFEA1.1.2.2
2026-07-14 15:24:07,060 [WARN] PackLoader:240 - Cannot read IP mode file for STMicroelectronics.X-CUBE-NFC4.3.0.0
2026-07-14 15:24:07,071 [WARN] PackLoader:240 - Cannot read IP mode file for EmbeddedOffice.I-CUBE-FS-RTOS.1.0.1
2026-07-14 15:24:07,079 [WARN] PackLoader:240 - Cannot read IP mode file for STMicroelectronics.X-CUBE-WB05N.2.0.0
2026-07-14 15:24:07,086 [WARN] PackLoader:240 - Cannot read IP mode file for wolfSSL.I-CUBE-wolfTPM.3.8.0
2026-07-14 15:24:07,095 [WARN] PackLoader:240 - Cannot read IP mode file for STMicroelectronics.X-CUBE-TCPP.4.2.0
2026-07-14 15:24:07,105 [WARN] PackLoader:240 - Cannot read IP mode file for RealThread.X-CUBE-RT-Thread_Nano.4.1.1
2026-07-14 15:24:07,113 [WARN] PackLoader:240 - Cannot read IP mode file for STMicroelectronics.FP-ATR-SIGFOX1.3.2.0
2026-07-14 15:24:07,122 [WARN] PackLoader:240 - Cannot read IP mode file for STMicroelectronics.X-CUBE-EEPRMA1.5.1.0
2026-07-14 15:24:07,130 [WARN] PackLoader:240 - Cannot read IP mode file for STMicroelectronics.X-CUBE-FREERTOS.1.5.0
2026-07-14 15:24:07,137 [WARN] PackLoader:240 - Cannot read IP mode file for wolfSSL.I-CUBE-wolfSSL.5.7.6
2026-07-14 15:24:07,146 [WARN] PackLoader:240 - Cannot read IP mode file for ITTIA_DB.I-CUBE-ITTIADB.8.9.0
2026-07-14 15:24:07,157 [WARN] PackLoader:240 - Cannot read IP mode file for STMicroelectronics.X-CUBE-NFC6.3.2.0
2026-07-14 15:24:07,167 [WARN] PackLoader:240 - Cannot read IP mode file for STMicroelectronics.X-CUBE-AI.10.2.1
2026-07-14 15:24:07,173 [WARN] PackLoader:240 - Cannot read IP mode file for STMicroelectronics.X-CUBE-AI.10.2.0
2026-07-14 15:24:07,213 [WARN] PackLoader:240 - Cannot read IP mode file for STMicroelectronics.X-CUBE-MEMS1.12.1.0
2026-07-14 15:24:07,331 [WARN] PackLoader:240 - Cannot read IP mode file for SEGGER.I-CUBE-embOS.1.3.1
2026-07-14 15:24:07,373 [WARN] PackLoader:240 - Cannot read IP mode file for STMicroelectronics.X-CUBE-ALGOBUILD.1.4.0
2026-07-14 15:24:07,381 [WARN] PackLoader:240 - Cannot read IP mode file for STMicroelectronics.X-CUBE-NFC13.1.0.0
2026-07-14 15:24:07,389 [WARN] PackLoader:240 - Cannot read IP mode file for STMicroelectronics.X-CUBE-PM33A1.1.0.0
2026-07-14 15:24:07,408 [WARN] PackLoader:240 - Cannot read IP mode file for STMicroelectronics.X-CUBE-AZRTOS-F4.1.1.0
2026-07-14 15:24:07,417 [WARN] PackLoader:240 - Cannot read IP mode file for Avnet-IotConnect.X-CUBE-IoTC-DA16k-PMOD.1.0.0
2026-07-14 15:24:07,424 [WARN] PackLoader:240 - Cannot read IP mode file for STMicroelectronics.X-CUBE-ISPU.2.1.0
2026-07-14 15:24:07,437 [WARN] PackLoader:240 - Cannot read IP mode file for STMicroelectronics.X-CUBE-IPS.3.2.0
2026-07-14 15:24:07,449 [WARN] PackLoader:240 - Cannot read IP mode file for STMicroelectronics.eDS-WB_DPC_TT-BIDIR.2.1.1
2026-07-14 15:24:07,456 [WARN] PackLoader:240 - Cannot read IP mode file for STMicroelectronics.X-CUBE-NFC12.1.0.0
2026-07-14 15:24:07,481 [WARN] PackLoader:240 - Cannot read IP mode file for STMicroelectronics.X-CUBE-AZRTOS-L5.2.0.0
2026-07-14 15:24:07,492 [WARN] PackLoader:240 - Cannot read IP mode file for STMicroelectronics.X-CUBE-NFC6.3.1.0
2026-07-14 15:24:07,502 [WARN] PackLoader:240 - Cannot read IP mode file for STMicroelectronics.X-CUBE-ALGOBUILD.1.5.0
2026-07-14 15:24:07,512 [WARN] PackLoader:240 - Cannot read IP mode file for STMicroelectronics.X-CUBE-DPower.1.2.0
2026-07-14 15:24:07,518 [WARN] PackLoader:240 - Cannot read IP mode file for STMicroelectronics.eDS-WB_DPC_VIENNA.1.2.0
2026-07-14 15:24:07,524 [WARN] PackLoader:240 - Cannot read IP mode file for STMicroelectronics.eDS-WB_DPC_3PH2L-BIDIR.1.1.1
2026-07-14 15:24:07,529 [ERROR] Engine:466 - C:\Users\azaki\.stm32cubemx\thirdparties\pdsc\STMicroelectronics.X-CUBE-ST67W61.1.3.0.pdsc: PDSC version is not supported
2026-07-14 15:24:07,536 [WARN] PackLoader:240 - Cannot read IP mode file for STMicroelectronics.X-CUBE-FREERTOS.1.3.0
2026-07-14 15:24:07,543 [WARN] PackLoader:240 - Cannot read IP mode file for STMicroelectronics.X-CUBE-NFC7.1.0.1
2026-07-14 15:24:07,554 [WARN] PackLoader:240 - Cannot read IP mode file for STMicroelectronics.X-CUBE-TOUCHGFX.4.26.1
2026-07-14 15:24:07,559 [WARN] PackLoader:240 - Cannot read IP mode file for STMicroelectronics.FP-SNS-STAIOTCFT.1.0.0
2026-07-14 15:24:07,566 [WARN] PackLoader:240 - Cannot read IP mode file for STMicroelectronics.X-CUBE-DPower.1.3.0
2026-07-14 15:24:07,580 [WARN] ConditionMgr:438 - getConditionDescription Invalid condition id : LAN8742 Phy interface Condition cause : null
2026-07-14 15:24:07,581 [WARN] PackLoader:240 - Cannot read IP mode file for STMicroelectronics.X-CUBE-AZRTOS-L4.2.0.0
2026-07-14 15:24:07,582 [WARN] ConditionMgr:1044 - genDependencies : Invalid condition id : LAN8742 Phy interface Condition cause : null
2026-07-14 15:24:07,583 [WARN] ConditionMgr:1044 - genDependencies : Invalid condition id : LAN8742 Phy interface Condition cause : null
2026-07-14 15:24:07,583 [WARN] ConditionMgr:1044 - genDependencies : Invalid condition id : LAN8742 Phy interface Condition cause : null
2026-07-14 15:24:07,592 [WARN] PackLoader:240 - Cannot read IP mode file for STMicroelectronics.X-CUBE-SFXS2LP1.4.0.0
2026-07-14 15:24:07,599 [WARN] PackLoader:240 - Cannot read IP mode file for STMicroelectronics.X-CUBE-WB05N.2.1.0
2026-07-14 15:24:07,607 [WARN] PackLoader:240 - Cannot read IP mode file for STMicroelectronics.X-CUBE-ST67W61.1.2.0
2026-07-14 15:24:07,622 [WARN] PackLoader:240 - Cannot read IP mode file for STMicroelectronics.X-CUBE-AZRTOS-H7.3.3.0
2026-07-14 15:24:07,635 [WARN] PackLoader:240 - Cannot read IP mode file for STMicroelectronics.X-CUBE-BLEMGR.4.1.0
2026-07-14 15:24:07,653 [WARN] ConditionMgr:438 - getConditionDescription Invalid condition id : UX DEVICE CLASS RTOS Condition cause : null
2026-07-14 15:24:07,654 [WARN] ConditionMgr:438 - getConditionDescription Invalid condition id : UX DEVICE CLASS RTOS Condition cause : null
2026-07-14 15:24:07,657 [WARN] PackLoader:240 - Cannot read IP mode file for STMicroelectronics.X-CUBE-AZRTOS-WB.2.0.0
2026-07-14 15:24:07,658 [WARN] ConditionMgr:1044 - genDependencies : Invalid condition id : UX DEVICE CLASS RTOS Condition cause : null
2026-07-14 15:24:07,658 [WARN] ConditionMgr:1044 - genDependencies : Invalid condition id : UX DEVICE CLASS RTOS Condition cause : null
2026-07-14 15:24:07,659 [WARN] ConditionMgr:1044 - genDependencies : Invalid condition id : UX DEVICE CLASS RTOS Condition cause : null
2026-07-14 15:24:07,659 [WARN] ConditionMgr:1044 - genDependencies : Invalid condition id : UX DEVICE CLASS RTOS Condition cause : null
2026-07-14 15:24:07,659 [WARN] ConditionMgr:1044 - genDependencies : Invalid condition id : UX DEVICE CLASS RTOS Condition cause : null
2026-07-14 15:24:07,667 [WARN] PackLoader:240 - Cannot read IP mode file for STMicroelectronics.X-CUBE-GNSS1.7.0.1
2026-07-14 15:24:07,673 [WARN] PackLoader:240 - Cannot read IP mode file for STMicroelectronics.X-CUBE-TOUCHGFX.4.25.0
2026-07-14 15:24:07,679 [WARN] PackLoader:240 - Cannot read IP mode file for STMicroelectronics.FP-SNS-STBOX1.2.0.0
2026-07-14 15:24:07,689 [WARN] PackLoader:240 - Cannot read IP mode file for STMicroelectronics.X-CUBE-STSE01.2.0.0
2026-07-14 15:24:07,699 [WARN] PackLoader:240 - Cannot read IP mode file for STMicroelectronics.X-CUBE-SUBG2.5.0.0
2026-07-14 15:24:07,716 [WARN] PackLoader:240 - Cannot read IP mode file for STMicroelectronics.X-CUBE-AZRTOS-H7RS.1.1.0
2026-07-14 15:24:07,737 [WARN] PackLoader:240 - Cannot read IP mode file for Cesanta.I-CUBE-Mongoose.7.13.0
2026-07-14 15:24:07,750 [WARN] PackLoader:240 - Cannot read IP mode file for STMicroelectronics.X-CUBE-AZRTOS-G4.2.0.0
2026-07-14 15:24:07,756 [WARN] PackLoader:240 - Cannot read IP mode file for wolfSSL.I-CUBE-wolfSSH.1.4.20
2026-07-14 15:24:07,761 [WARN] PackLoader:240 - Cannot read IP mode file for STMicroelectronics.X-CUBE-NFC7.2.0.0
2026-07-14 15:24:07,771 [WARN] PackLoader:240 - Cannot read IP mode file for STMicroelectronics.X-CUBE-IPS.3.1.0
2026-07-14 15:24:07,779 [ERROR] Engine:466 - C:\Users\azaki\.stm32cubemx\thirdparties\pdsc\STMicroelectronics.X-CUBE-BLEMGR.4.2.0.pdsc: PDSC version is not supported
2026-07-14 15:24:07,785 [WARN] PackLoader:240 - Cannot read IP mode file for STMicroelectronics.X-CUBE-ALS.1.0.2
2026-07-14 15:24:07,795 [WARN] PackLoader:240 - Cannot read IP mode file for portGmbH.I-Cube-SoM-uGOAL.1.1.0
2026-07-14 15:24:07,809 [WARN] PackLoader:240 - Cannot read IP mode file for STMicroelectronics.X-CUBE-TOF1.3.4.2
2026-07-14 15:24:07,831 [WARN] PackLoader:240 - Cannot read IP mode file for STMicroelectronics.X-CUBE-TOF1.3.4.3
2026-07-14 15:24:07,844 [INFO] ThirdParty:978 - Integrity check success = true
2026-07-14 15:24:07,844 [INFO] IntegrityCheckThread:100 - exiting critical section [integrity check]
2026-07-14 15:24:07,844 [INFO] IntegrityCheckThread:103 - End integrity checks thread
2026-07-14 15:24:08,021 [INFO] WebApp:169 - Instantiating new browser for Auth
2026-07-14 15:24:09,405 [INFO] WebApp:463 - Apply proxy settings
2026-07-14 15:24:09,406 [INFO] WebApp:548 - Chromium requires no authentication
2026-07-14 15:24:09,427 [INFO] WebApp:491 - Direct internet connection detected
2026-07-14 15:24:09,464 [INFO] WebApp:900 - Register for checkConnection events
2026-07-14 15:24:09,465 [INFO] WebApp:463 - Apply proxy settings
2026-07-14 15:24:09,465 [INFO] WebApp:548 - Chromium requires no authentication
2026-07-14 15:24:09,466 [INFO] WebApp:491 - Direct internet connection detected
2026-07-14 15:24:09,771 [INFO] WebApp:225 - Starting web application
2026-07-14 15:24:09,771 [INFO] WebApp:593 - Web application path used C:\ST\STM32CubeIDE_1.19.0\STM32CubeIDE\plugins\com.st.stm32cube.common.mx_6.15.0.202507011659\db\plugins\mcufinder\reactClient1\index.html
2026-07-14 15:24:09,907 [INFO] UserAuth:487 - Internet connection configuration mode: 1
2026-07-14 15:24:10,163 [INFO] WebApp:191 - Connection restablished
