../Core/Src/main.c:159:6:HAL_GPIO_EXTI_Callback	2
../Core/Src/main.c:170:6:HAL_TIM_PeriodElapsedCallback	2
../Core/Src/main.c:185:5:main	4
../Core/Src/main.c:291:6:SystemClock_Config	4
../Core/Src/main.c:352:13:MX_ADC1_Init	7
../Core/Src/main.c:446:13:MX_TIM1_Init	5
../Core/Src/main.c:500:13:MX_TIM2_Init	4
../Core/Src/main.c:545:13:MX_USART2_UART_Init	2
../Core/Src/main.c:578:13:MX_DMA_Init	1
../Core/Src/main.c:596:13:MX_GPIO_Init	1
../Core/Src/main.c:634:8:readSmoothedTemperature	5
../Core/Src/main.c:660:7:readPressureMMHg	5
../Core/Src/main.c:687:6:HAL_TIM_IC_CaptureCallback	4
../Core/Src/main.c:702:13:flow_update	2
../Core/Src/main.c:721:6:Error_Handler	1
