../Core/Src/main.c:163:6:HAL_GPIO_EXTI_Callback	2
../Core/Src/main.c:173:6:HAL_TIM_PeriodElapsedCallback	2
../Core/Src/main.c:188:5:main	5
../Core/Src/main.c:302:6:SystemClock_Config	4
../Core/Src/main.c:363:13:MX_ADC1_Init	7
../Core/Src/main.c:457:13:MX_TIM1_Init	5
../Core/Src/main.c:511:13:MX_TIM2_Init	4
../Core/Src/main.c:556:13:MX_USART2_UART_Init	2
../Core/Src/main.c:589:13:MX_DMA_Init	1
../Core/Src/main.c:607:13:MX_GPIO_Init	1
../Core/Src/main.c:645:8:readSmoothedTemperature	5
../Core/Src/main.c:671:7:readPressureMMHg	5
../Core/Src/main.c:698:6:HAL_TIM_IC_CaptureCallback	4
../Core/Src/main.c:713:13:flow_update	2
../Core/Src/main.c:732:6:Error_Handler	1
