../Core/Src/main.c:159:6:HAL_GPIO_EXTI_Callback	16	static
../Core/Src/main.c:170:6:HAL_TIM_PeriodElapsedCallback	16	static
../Core/Src/main.c:185:5:main	120	static,ignoring_inline_asm
../Core/Src/main.c:291:6:SystemClock_Config	96	static
../Core/Src/main.c:352:13:MX_ADC1_Init	32	static
../Core/Src/main.c:446:13:MX_TIM1_Init	40	static
../Core/Src/main.c:500:13:MX_TIM2_Init	40	static
../Core/Src/main.c:545:13:MX_USART2_UART_Init	8	static
../Core/Src/main.c:578:13:MX_DMA_Init	16	static
../Core/Src/main.c:596:13:MX_GPIO_Init	40	static
../Core/Src/main.c:634:8:readSmoothedTemperature	48	static
../Core/Src/main.c:660:7:readPressureMMHg	40	static
../Core/Src/main.c:687:6:HAL_TIM_IC_CaptureCallback	16	static
../Core/Src/main.c:702:13:flow_update	40	static
../Core/Src/main.c:721:6:Error_Handler	4	static,ignoring_inline_asm
