19:42:15 **** Incremental Build of configuration Debug for project integrated_sensors ****
make -j20 all 
arm-none-eabi-gcc "../Core/Src/main.c" -mcpu=cortex-m4 -std=gnu11 -g3 -DDEBUG -DUSE_HAL_DRIVER -DSTM32L432xx -c -I../Core/Inc -I../Drivers/STM32L4xx_HAL_Driver/Inc -I../Drivers/STM32L4xx_HAL_Driver/Inc/Legacy -I../Drivers/CMSIS/Device/ST/STM32L4xx/Include -I../Drivers/CMSIS/Include -O0 -ffunction-sections -fdata-sections -Wall -fstack-usage -fcyclomatic-complexity -MMD -MP -MF"Core/Src/main.d" -MT"Core/Src/main.o" --specs=nano.specs -mfpu=fpv4-sp-d16 -mfloat-abi=hard -mthumb -o "Core/Src/main.o"
arm-none-eabi-gcc -o "integrated_sensors.elf" @"objects.list"   -mcpu=cortex-m4 -T"C:\Users\azaki\Documents\GitHub\Project-Nephros\integrated_sensors\integrated_sensors\STM32L432KCUX_FLASH.ld" --specs=nosys.specs -Wl,-Map="integrated_sensors.map" -Wl,--gc-sections -static -u _printf_float --specs=nano.specs -mfpu=fpv4-sp-d16 -mfloat-abi=hard -mthumb -Wl,--start-group -lc -lm -Wl,--end-group
Finished building target: integrated_sensors.elf
 
arm-none-eabi-size  integrated_sensors.elf 
arm-none-eabi-objdump -h -S integrated_sensors.elf  > "integrated_sensors.list"
   text	   data	    bss	    dec	    hex	filename
  42588	    476	   2808	  45872	   b330	integrated_sensors.elf
Finished building: default.size.stdout
 
Finished building: integrated_sensors.list
 

19:42:17 Build Finished. 0 errors, 0 warnings. (took 1s.389ms)

