../Core/Src/main.c:95:6:HAL_TIM_PeriodElapsedCallback	16	static
../Core/Src/main.c:112:5:main	40	static
../Core/Src/main.c:179:6:SystemClock_Config	96	static
../Core/Src/main.c:240:13:MX_ADC1_Init	32	static
../Core/Src/main.c:307:13:MX_TIM2_Init	40	static
../Core/Src/main.c:352:13:MX_USART2_UART_Init	8	static
../Core/Src/main.c:385:13:MX_DMA_Init	16	static
../Core/Src/main.c:406:13:MX_GPIO_Init	40	static
../Core/Src/main.c:434:8:readSmoothedTemperature	48	static
../Core/Src/main.c:460:6:Error_Handler	4	static,ignoring_inline_asm
