../Core/Src/main.c:168:6:HAL_GPIO_EXTI_Callback	16	static
../Core/Src/main.c:178:6:HAL_TIM_PeriodElapsedCallback	16	static
../Core/Src/main.c:193:5:main	40	static
../Core/Src/main.c:324:6:SystemClock_Config	96	static
../Core/Src/main.c:385:13:MX_ADC1_Init	32	static
../Core/Src/main.c:479:13:MX_TIM1_Init	40	static
../Core/Src/main.c:533:13:MX_TIM2_Init	40	static
../Core/Src/main.c:578:13:MX_USART2_UART_Init	8	static
../Core/Src/main.c:611:13:MX_DMA_Init	16	static
../Core/Src/main.c:632:13:MX_GPIO_Init	40	static
../Core/Src/main.c:670:8:readSmoothedTemperature	48	static
../Core/Src/main.c:692:6:HAL_TIM_IC_CaptureCallback	16	static
../Core/Src/main.c:707:13:flow_update	48	static
../Core/Src/main.c:728:14:adc_counts_to_volts	16	static
../Core/Src/main.c:733:14:sensor_volts_to_psi	24	static
../Core/Src/main.c:742:6:HAL_ADC_ConvCpltCallback	40	static
../Core/Src/main.c:770:13:uart_print	16	static
../Core/Src/main.c:776:13:print_combined_line	216	static
../Core/Src/main.c:811:6:Error_Handler	4	static,ignoring_inline_asm
