../Core/Src/main.c:88:5:main	3
../Core/Src/main.c:161:6:SystemClock_Config	4
../Core/Src/main.c:222:13:MX_ADC1_Init	3
../Core/Src/main.c:281:13:MX_USART2_UART_Init	2
../Core/Src/main.c:316:13:MX_GPIO_Init	1
../Core/Src/main.c:345:13:ADC_StartSequence	3
../Core/Src/main.c:360:14:ADC_CountsToVolts	1
../Core/Src/main.c:366:14:SensorVolts_ToPSI	3
../Core/Src/main.c:376:13:UART_Print	1
../Core/Src/main.c:383:13:UART_PrintPressures	1
../Core/Src/main.c:392:6:HAL_ADC_ConvCpltCallback	4
../Core/Src/main.c:423:6:Error_Handler	1
