../Core/Src/main.c:163:6:HAL_GPIO_EXTI_Callback	16	static
../Core/Src/main.c:173:6:HAL_TIM_PeriodElapsedCallback	16	static
../Core/Src/main.c:188:5:main	120	static,ignoring_inline_asm
../Core/Src/main.c:302:6:SystemClock_Config	96	static
../Core/Src/main.c:363:13:MX_ADC1_Init	32	static
../Core/Src/main.c:457:13:MX_TIM1_Init	40	static
../Core/Src/main.c:511:13:MX_TIM2_Init	40	static
../Core/Src/main.c:556:13:MX_USART2_UART_Init	8	static
../Core/Src/main.c:589:13:MX_DMA_Init	16	static
../Core/Src/main.c:607:13:MX_GPIO_Init	40	static
../Core/Src/main.c:645:8:readSmoothedTemperature	48	static
../Core/Src/main.c:671:7:readPressureMMHg	40	static
../Core/Src/main.c:698:6:HAL_TIM_IC_CaptureCallback	16	static
../Core/Src/main.c:713:13:flow_update	40	static
../Core/Src/main.c:732:6:Error_Handler	4	static,ignoring_inline_asm
