../Core/Src/main.c:175:5:main	40	static
../Core/Src/main.c:450:6:SystemClock_Config	96	static
../Core/Src/main.c:501:13:MX_I2C1_Init	8	static
../Core/Src/main.c:549:13:MX_USART2_UART_Init	8	static
../Core/Src/main.c:584:13:MX_GPIO_Init	40	static
../Core/Src/main.c:634:13:uart_write	16	static
../Core/Src/main.c:657:13:uart_read_line	32	static
../Core/Src/main.c:711:13:parse_positive_u32	32	static
../Core/Src/main.c:750:17:ask_for_positive_number	48	static
../Core/Src/main.c:767:13:run_console_setup	200	static
../Core/Src/main.c:824:13:read_sensors	4	static
../Core/Src/main.c:828:13:handle_button	16	static
../Core/Src/main.c:847:13:draw_normal_view	64	static
../Core/Src/main.c:876:13:draw_temperature_warning	8	static
../Core/Src/main.c:889:13:show_halt_screen	16	static
../Core/Src/main.c:900:13:temperature_is_alert	4	static
../Core/Src/main.c:906:13:temperature_is_severe	16	static
../Core/Src/main.c:931:13:pressure_is_out_of_range	4	static
../Core/Src/main.c:940:13:pressure_out_of_range_long_enough	16	static
../Core/Src/main.c:973:18:find_critical_fault	24	static
../Core/Src/main.c:998:20:fault_name	16	static
../Core/Src/main.c:1019:13:log_event	160	static
../Core/Src/main.c:1039:13:log_sensor_reading	176	static
../Core/Src/main.c:1067:13:latch_system_halt	16	static
../Core/Src/main.c:1110:13:resume_system	16	static
../Core/Src/main.c:1138:6:Error_Handler	4	static,ignoring_inline_asm
